Archive member included to satisfy reference by file (symbol)

C:\Program Files (x86)\Broadcom\AFBR-S50 SDK\Device\Lib\AFBR-S50\libafbrs50_m4_fpu.a(time.o)
                              API\s2pi.o (Time_DelayUSec)
C:\Program Files (x86)\Broadcom\AFBR-S50 SDK\Device\Lib\AFBR-S50\libafbrs50_m4_fpu.a(argus_api.o)
                              App\example.o (Argus_Init)
C:\Program Files (x86)\Broadcom\AFBR-S50 SDK\Device\Lib\AFBR-S50\libafbrs50_m4_fpu.a(argus_meas_api.o)
                              C:\Program Files (x86)\Broadcom\AFBR-S50 SDK\Device\Lib\AFBR-S50\libafbrs50_m4_fpu.a(argus_api.o) (Argus_Measurement_Init)
C:\Program Files (x86)\Broadcom\AFBR-S50 SDK\Device\Lib\AFBR-S50\libafbrs50_m4_fpu.a(argus_eval_api.o)
                              C:\Program Files (x86)\Broadcom\AFBR-S50 SDK\Device\Lib\AFBR-S50\libafbrs50_m4_fpu.a(argus_api.o) (Argus_Eval_Init)
C:\Program Files (x86)\Broadcom\AFBR-S50 SDK\Device\Lib\AFBR-S50\libafbrs50_m4_fpu.a(argus_eval_pba_api.o)
                              C:\Program Files (x86)\Broadcom\AFBR-S50 SDK\Device\Lib\AFBR-S50\libafbrs50_m4_fpu.a(argus_eval_api.o) (Argus_Pba_Init)
C:\Program Files (x86)\Broadcom\AFBR-S50 SDK\Device\Lib\AFBR-S50\libafbrs50_m4_fpu.a(argus_eval_trapezoidal.o)
                              C:\Program Files (x86)\Broadcom\AFBR-S50 SDK\Device\Lib\AFBR-S50\libafbrs50_m4_fpu.a(argus_eval_api.o) (Argus_Eval_Trapezoidal)
C:\Program Files (x86)\Broadcom\AFBR-S50 SDK\Device\Lib\AFBR-S50\libafbrs50_m4_fpu.a(argus_eval_triangular.o)
                              C:\Program Files (x86)\Broadcom\AFBR-S50 SDK\Device\Lib\AFBR-S50\libafbrs50_m4_fpu.a(argus_eval_api.o) (Argus_Eval_Triangular)
C:\Program Files (x86)\Broadcom\AFBR-S50 SDK\Device\Lib\AFBR-S50\libafbrs50_m4_fpu.a(argus_cfg_api.o)
                              C:\Program Files (x86)\Broadcom\AFBR-S50 SDK\Device\Lib\AFBR-S50\libafbrs50_m4_fpu.a(argus_api.o) (Argus_Cfg_Init)
C:\Program Files (x86)\Broadcom\AFBR-S50 SDK\Device\Lib\AFBR-S50\libafbrs50_m4_fpu.a(argus_cfg_default.o)
                              C:\Program Files (x86)\Broadcom\AFBR-S50 SDK\Device\Lib\AFBR-S50\libafbrs50_m4_fpu.a(argus_api.o) (Argus_Cfg_GetDefaultConfiguration)
C:\Program Files (x86)\Broadcom\AFBR-S50 SDK\Device\Lib\AFBR-S50\libafbrs50_m4_fpu.a(argus_dca_api.o)
                              C:\Program Files (x86)\Broadcom\AFBR-S50 SDK\Device\Lib\AFBR-S50\libafbrs50_m4_fpu.a(argus_cfg_api.o) (Argus_Dca_CheckCfg)
C:\Program Files (x86)\Broadcom\AFBR-S50 SDK\Device\Lib\AFBR-S50\libafbrs50_m4_fpu.a(argus_dev_api.o)
                              C:\Program Files (x86)\Broadcom\AFBR-S50 SDK\Device\Lib\AFBR-S50\libafbrs50_m4_fpu.a(argus_cfg_api.o) (Argus_Dev_TestConnection)
C:\Program Files (x86)\Broadcom\AFBR-S50 SDK\Device\Lib\AFBR-S50\libafbrs50_m4_fpu.a(argus_dev_seq.o)
                              C:\Program Files (x86)\Broadcom\AFBR-S50 SDK\Device\Lib\AFBR-S50\libafbrs50_m4_fpu.a(argus_meas_api.o) (Argus_Dev_StartAuxMeasurement)
C:\Program Files (x86)\Broadcom\AFBR-S50 SDK\Device\Lib\AFBR-S50\libafbrs50_m4_fpu.a(argus_cal_api.o)
                              C:\Program Files (x86)\Broadcom\AFBR-S50 SDK\Device\Lib\AFBR-S50\libafbrs50_m4_fpu.a(argus_api.o) (Argus_Cal_GetCalibration)
C:\Program Files (x86)\Broadcom\AFBR-S50 SDK\Device\Lib\AFBR-S50\libafbrs50_m4_fpu.a(argus_cal_default.o)
                              C:\Program Files (x86)\Broadcom\AFBR-S50 SDK\Device\Lib\AFBR-S50\libafbrs50_m4_fpu.a(argus_api.o) (Argus_GetExternalPixelRangeOffsets_Callback)
C:\Program Files (x86)\Broadcom\AFBR-S50 SDK\Device\Lib\AFBR-S50\libafbrs50_m4_fpu.a(argus_cal_eeprom.o)
                              C:\Program Files (x86)\Broadcom\AFBR-S50 SDK\Device\Lib\AFBR-S50\libafbrs50_m4_fpu.a(argus_dev_api.o) (EEPROM_ReadChipId)
C:\Program Files (x86)\Broadcom\AFBR-S50 SDK\Device\Lib\AFBR-S50\libafbrs50_m4_fpu.a(argus_cal_nvm.o)
                              C:\Program Files (x86)\Broadcom\AFBR-S50 SDK\Device\Lib\AFBR-S50\libafbrs50_m4_fpu.a(argus_cal_api.o) (Argus_Cal_WriteToNVM)
C:\Program Files (x86)\Broadcom\AFBR-S50 SDK\Device\Lib\AFBR-S50\libafbrs50_m4_fpu.a(argus_cal_seq.o)
                              C:\Program Files (x86)\Broadcom\AFBR-S50 SDK\Device\Lib\AFBR-S50\libafbrs50_m4_fpu.a(argus_api.o) (Argus_Cal_ExecuteVsubCalibrationSequence)
C:\Program Files (x86)\Broadcom\AFBR-S50 SDK\Device\Lib\AFBR-S50\libafbrs50_m4_fpu.a(ads0032_api.o)
                              C:\Program Files (x86)\Broadcom\AFBR-S50 SDK\Device\Lib\AFBR-S50\libafbrs50_m4_fpu.a(argus_dev_api.o) (ADS_Abort)
C:\Program Files (x86)\Broadcom\AFBR-S50 SDK\Device\Lib\AFBR-S50\libafbrs50_m4_fpu.a(hamming.o)
                              C:\Program Files (x86)\Broadcom\AFBR-S50 SDK\Device\Lib\AFBR-S50\libafbrs50_m4_fpu.a(ads0032_api.o) (hamming_encode)
C:\Program Files (x86)\Broadcom\AFBR-S50 SDK\Device\Lib\AFBR-S50\libafbrs50_m4_fpu.a(argus_eeprom.o)
[...]
Memory Configuration

Name             Origin             Length             Attributes
RAM              0x20000000         0x00040000         xrw
FLASH            0x08000000         0x00080000         xr
*default*        0x00000000         0xffffffff

Linker script and memory map

LOAD c:/program files (x86)/atollic/truestudio for stm32 9.3.0/armtools/bin/../lib/gcc/arm-atollic-eabi/6.3.1/armv7e-m/fpu/crti.o
LOAD c:/program files (x86)/atollic/truestudio for stm32 9.3.0/armtools/bin/../lib/gcc/arm-atollic-eabi/6.3.1/armv7e-m/fpu/crtbegin.o
LOAD API\board.o
LOAD API\irq.o
LOAD API\s2pi.o
LOAD API\timer.o
LOAD API\uart.o
LOAD App\example.o
LOAD Core\Src\dma.o
LOAD Core\Src\gpio.o
LOAD Core\Src\main.o
LOAD Core\Src\spi.o
LOAD Core\Src\stm32f4xx_hal_msp.o
LOAD Core\Src\stm32f4xx_it.o
LOAD Core\Src\syscalls.o
LOAD Core\Src\system_stm32f4xx.o
LOAD Core\Src\tim.o
LOAD Core\Src\usart.o
LOAD Drivers\STM32F4xx_HAL_Driver\Src\stm32f4xx_hal.o
LOAD Drivers\STM32F4xx_HAL_Driver\Src\stm32f4xx_hal_cortex.o
LOAD Drivers\STM32F4xx_HAL_Driver\Src\stm32f4xx_hal_dma.o
LOAD Drivers\STM32F4xx_HAL_Driver\Src\stm32f4xx_hal_dma_ex.o
LOAD Drivers\STM32F4xx_HAL_Driver\Src\stm32f4xx_hal_exti.o
LOAD Drivers\STM32F4xx_HAL_Driver\Src\stm32f4xx_hal_flash.o
LOAD Drivers\STM32F4xx_HAL_Driver\Src\stm32f4xx_hal_flash_ex.o
LOAD Drivers\STM32F4xx_HAL_Driver\Src\stm32f4xx_hal_flash_ramfunc.o
LOAD Drivers\STM32F4xx_HAL_Driver\Src\stm32f4xx_hal_gpio.o
LOAD Drivers\STM32F4xx_HAL_Driver\Src\stm32f4xx_hal_pwr.o
LOAD Drivers\STM32F4xx_HAL_Driver\Src\stm32f4xx_hal_pwr_ex.o
LOAD Drivers\STM32F4xx_HAL_Driver\Src\stm32f4xx_hal_rcc.o
LOAD Drivers\STM32F4xx_HAL_Driver\Src\stm32f4xx_hal_rcc_ex.o
LOAD Drivers\STM32F4xx_HAL_Driver\Src\stm32f4xx_hal_spi.o
LOAD Drivers\STM32F4xx_HAL_Driver\Src\stm32f4xx_hal_tim.o
LOAD Drivers\STM32F4xx_HAL_Driver\Src\stm32f4xx_hal_tim_ex.o
LOAD Drivers\STM32F4xx_HAL_Driver\Src\stm32f4xx_hal_uart.o
LOAD startup\startup_stm32f412cx.o
LOAD C:\Program Files (x86)\Broadcom\AFBR-S50 SDK\Device\Lib\AFBR-S50\libafbrs50_m4_fpu.a
                0x00000080                malloc_getpagesize_P = 0x80
START GROUP
LOAD c:/program files (x86)/atollic/truestudio for stm32 9.3.0/armtools/bin/../lib/gcc/arm-atollic-eabi/6.3.1/../../../../arm-atollic-eabi/lib/armv7e-m/fpu\libc_nano.a
LOAD c:/program files (x86)/atollic/truestudio for stm32 9.3.0/armtools/bin/../lib/gcc/arm-atollic-eabi/6.3.1/../../../../arm-atollic-eabi/lib/armv7e-m/fpu\libm.a
END GROUP
START GROUP
LOAD c:/program files (x86)/atollic/truestudio for stm32 9.3.0/armtools/bin/../lib/gcc/arm-atollic-eabi/6.3.1/armv7e-m/fpu\libgcc.a
LOAD c:/program files (x86)/atollic/truestudio for stm32 9.3.0/armtools/bin/../lib/gcc/arm-atollic-eabi/6.3.1/../../../../arm-atollic-eabi/lib/armv7e-m/fpu\libc_nano.a
END GROUP
START GROUP
LOAD c:/program files (x86)/atollic/truestudio for stm32 9.3.0/armtools/bin/../lib/gcc/arm-atollic-eabi/6.3.1/armv7e-m/fpu\libgcc.a
LOAD c:/program files (x86)/atollic/truestudio for stm32 9.3.0/armtools/bin/../lib/gcc/arm-atollic-eabi/6.3.1/../../../../arm-atollic-eabi/lib/armv7e-m/fpu\libc_nano.a
LOAD c:/program files (x86)/atollic/truestudio for stm32 9.3.0/armtools/bin/../lib/gcc/arm-atollic-eabi/6.3.1/../../../../arm-atollic-eabi/lib/armv7e-m/fpu\libnosys.a
END GROUP
START GROUP
LOAD c:/program files (x86)/atollic/truestudio for stm32 9.3.0/armtools/bin/../lib/gcc/arm-atollic-eabi/6.3.1/armv7e-m/fpu\libgcc.a
LOAD c:/program files (x86)/atollic/truestudio for stm32 9.3.0/armtools/bin/../lib/gcc/arm-atollic-eabi/6.3.1/../../../../arm-atollic-eabi/lib/armv7e-m/fpu\libc_nano.a
LOAD c:/program files (x86)/atollic/truestudio for stm32 9.3.0/armtools/bin/../lib/gcc/arm-atollic-eabi/6.3.1/../../../../arm-atollic-eabi/lib/armv7e-m/fpu\libnosys.a
END GROUP
LOAD c:/program files (x86)/atollic/truestudio for stm32 9.3.0/armtools/bin/../lib/gcc/arm-atollic-eabi/6.3.1/armv7e-m/fpu/crtend.o
LOAD c:/program files (x86)/atollic/truestudio for stm32 9.3.0/armtools/bin/../lib/gcc/arm-atollic-eabi/6.3.1/armv7e-m/fpu/crtn.o
                0x20040000                _estack = 0x20040000
                0x00000200                _Min_Heap_Size = 0x200
                0x00000400                _Min_Stack_Size = 0x400

.isr_vector     0x08000000      0x1c4
                0x08000000                . = ALIGN (0x4)
 *(.isr_vector)
 .isr_vector    0x08000000      0x1c4 startup\startup_stm32f412cx.o
                0x08000000                g_pfnVectors
                0x080001c4                . = ALIGN (0x4)

.text           0x080001d0    0x18778
                0x080001d0                . = ALIGN (0x4)
 *(.text)
 .text          0x080001d0       0x40 c:/program files (x86)/atollic/truestudio for stm32 9.3.0/armtools/bin/../lib/gcc/arm-atollic-eabi/6.3.1/armv7e-m/fpu/crtbegin.o
 .text          0x08000210       0xa0 c:/program files (x86)/atollic/truestudio for stm32 9.3.0/armtools/bin/../lib/gcc/arm-atollic-eabi/6.3.1/../../../../arm-atollic-eabi/lib/armv7e-m/fpu\libc_nano.a(lib_a-memchr.o)
                0x08000210                memchr
 .text          0x080002b0       0x30 c:/program files (x86)/atollic/truestudio for stm32 9.3.0/armtools/bin/../lib/gcc/arm-atollic-eabi/6.3.1/armv7e-m/fpu\libgcc.a(_aeabi_uldivmod.o)
                0x080002b0                __aeabi_uldivmod
 .text          0x080002e0      0x2dc c:/program files (x86)/atollic/truestudio for stm32 9.3.0/armtools/bin/../lib/gcc/arm-atollic-eabi/6.3.1/armv7e-m/fpu\libgcc.a(_udivmoddi4.o)
                0x080002e0                __udivmoddi4
 .text          0x080005bc        0x4 c:/program files (x86)/atollic/truestudio for stm32 9.3.0/armtools/bin/../lib/gcc/arm-atollic-eabi/6.3.1/armv7e-m/fpu\libgcc.a(_dvmd_tls.o)
                0x080005bc                __aeabi_idiv0
                0x080005bc                __aeabi_ldiv0
 *(.text*)
 .text.BOARD_ClockInit
                0x080005c0        0xc API\board.o
                0x080005c0                BOARD_ClockInit
 .text.COP_Disable
                0x080005cc        0xe API\board.o
                0x080005cc                COP_Disable
 *fill*         0x080005da        0x2 
 .text.IRQ_UNLOCK
                0x080005dc       0x44 API\irq.o
                0x080005dc                IRQ_UNLOCK
 .text.IRQ_LOCK
                0x08000620       0x20 API\irq.o
                0x08000620                IRQ_LOCK
 .text.GPIO_Init
                0x08000640        0xe API\s2pi.o
                0x08000640                GPIO_Init
 .text.S2PI_Init
                0x0800064e       0x32 API\s2pi.o
                0x0800064e                S2PI_Init
 .text.S2PI_GetStatus
                0x08000680       0x18 API\s2pi.o
                0x08000680                S2PI_GetStatus
 .text.S2PI_SetBaudRate
                0x08000698       0x5c API\s2pi.o
                0x08000698                S2PI_SetBaudRate
 .text.S2PI_SetGPIOMode
                0x080006f4       0x7c API\s2pi.o
 .text.S2PI_CaptureGpioControl
                0x08000770       0x50 API\s2pi.o
                0x08000770                S2PI_CaptureGpioControl
 .text.S2PI_ReleaseGpioControl
                0x080007c0       0x3c API\s2pi.o
                0x080007c0                S2PI_ReleaseGpioControl
 .text.S2PI_WriteGpioPin
                0x080007fc       0x68 API\s2pi.o
                0x080007fc                S2PI_WriteGpioPin
 .text.S2PI_ReadGpioPin
                0x08000864       0x6c API\s2pi.o
                0x08000864                S2PI_ReadGpioPin
 .text.S2PI_CycleCsPin
                0x080008d0       0x64 API\s2pi.o
                0x080008d0                S2PI_CycleCsPin
 .text.S2PI_TransferFrame
                0x08000934       0xc8 API\s2pi.o
                0x08000934                S2PI_TransferFrame
 .text.S2PI_CompleteTransfer
                0x080009fc       0x50 API\s2pi.o
 .text.HAL_SPI_TxCpltCallback
                0x08000a4c       0x16 API\s2pi.o
                0x08000a4c                HAL_SPI_TxCpltCallback
 .text.SPI_DMATransmitReceiveCpltDelayed
                0x08000a62       0x1c API\s2pi.o
                0x08000a62                SPI_DMATransmitReceiveCpltDelayed
 *fill*         0x08000a7e        0x2 
 .text.HAL_SPI_TxRxCpltCallback
                0x08000a80       0x30 API\s2pi.o
                0x08000a80                HAL_SPI_TxRxCpltCallback
 .text.S2PI_Abort
                0x08000ab0       0x34 API\s2pi.o
                0x08000ab0                S2PI_Abort
 .text.HAL_SPI_ErrorCallback
                0x08000ae4       0x18 API\s2pi.o
                0x08000ae4                HAL_SPI_ErrorCallback
 .text.S2PI_SetIrqCallback
                0x08000afc       0x2c API\s2pi.o
                0x08000afc                S2PI_SetIrqCallback
 .text.S2PI_ReadIrqPin
                0x08000b28       0x28 API\s2pi.o
                0x08000b28                S2PI_ReadIrqPin
 .text.HAL_GPIO_EXTI_Callback
                0x08000b50       0x34 API\s2pi.o
                0x08000b50                HAL_GPIO_EXTI_Callback
 .text.Timer_Init
                0x08000b84       0x28 API\timer.o
                0x08000b84                Timer_Init
 .text.Timer_GetCounterValue
                0x08000bac       0x40 API\timer.o
                0x08000bac                Timer_GetCounterValue
 .text.Timer_Start
                0x08000bec       0xc4 API\timer.o
                0x08000bec                Timer_Start
 .text.Timer_Stop
                0x08000cb0       0x50 API\timer.o
                0x08000cb0                Timer_Stop
 .text.Timer_SetInterval
                0x08000d00       0x2c API\timer.o
                0x08000d00                Timer_SetInterval
 .text.Timer_SetCallback
                0x08000d2c       0x20 API\timer.o
                0x08000d2c                Timer_SetCallback
 .text.HAL_TIM_PeriodElapsedCallback
                0x08000d4c       0x38 API\timer.o
                0x08000d4c                HAL_TIM_PeriodElapsedCallback
 .text.UART_Init
                0x08000d84       0x12 API\uart.o
                0x08000d84                UART_Init
 *fill*         0x08000d96        0x2 
 .text.UART_SendBuffer
                0x08000d98       0x68 API\uart.o
                0x08000d98                UART_SendBuffer
 .text.HAL_UART_TxCpltCallback
                0x08000e00       0x50 API\uart.o
                0x08000e00                HAL_UART_TxCpltCallback
 .text.print    0x08000e50       0x4c API\uart.o
                0x08000e50                print
 .text.main     0x08000e9c      0x194 App\example.o
                0x08000e9c                main
 .text.hardware_init
                0x08001030       0x28 App\example.o
 .text.measurement_ready_callback
                0x08001058       0x48 App\example.o
                0x08001058                measurement_ready_callback
 .text.MX_DMA_Init
                0x080010a0       0x70 Core\Src\dma.o
                0x080010a0                MX_DMA_Init
 .text.MX_GPIO_Init
                0x08001110       0xa8 Core\Src\gpio.o
                0x08001110                MX_GPIO_Init
 .text.SystemClock_Config
                0x080011b8       0xd4 Core\Src\main.o
                0x080011b8                SystemClock_Config
 .text.Error_Handler
                0x0800128c        0x8 Core\Src\main.o
                0x0800128c                Error_Handler
 .text.MX_SPI2_Init
                0x08001294       0x6c Core\Src\spi.o
                0x08001294                MX_SPI2_Init
 .text.HAL_SPI_MspInit
                0x08001300      0x15c Core\Src\spi.o
                0x08001300                HAL_SPI_MspInit
 .text.NMI_Handler
                0x0800145c        0x6 Core\Src\stm32f4xx_it.o
                0x0800145c                NMI_Handler
 .text.HardFault_Handler
                0x08001462        0x6 Core\Src\stm32f4xx_it.o
                0x08001462                HardFault_Handler
 .text.MemManage_Handler
                0x08001468        0x6 Core\Src\stm32f4xx_it.o
                0x08001468                MemManage_Handler
 .text.BusFault_Handler
                0x0800146e        0x6 Core\Src\stm32f4xx_it.o
                0x0800146e                BusFault_Handler
 .text.UsageFault_Handler
                0x08001474        0x6 Core\Src\stm32f4xx_it.o
                0x08001474                UsageFault_Handler
 .text.SVC_Handler
                0x0800147a        0xe Core\Src\stm32f4xx_it.o
                0x0800147a                SVC_Handler
 .text.DebugMon_Handler
                0x08001488        0xe Core\Src\stm32f4xx_it.o
                0x08001488                DebugMon_Handler
 .text.PendSV_Handler
                0x08001496        0xe Core\Src\stm32f4xx_it.o
                0x08001496                PendSV_Handler
 .text.SysTick_Handler
                0x080014a4        0xc Core\Src\stm32f4xx_it.o
                0x080014a4                SysTick_Handler
 .text.EXTI4_IRQHandler
                0x080014b0        0xe Core\Src\stm32f4xx_it.o
                0x080014b0                EXTI4_IRQHandler
 *fill*         0x080014be        0x2 
 .text.DMA1_Stream3_IRQHandler
                0x080014c0       0x14 Core\Src\stm32f4xx_it.o
                0x080014c0                DMA1_Stream3_IRQHandler
 .text.DMA1_Stream4_IRQHandler
                0x080014d4       0x14 Core\Src\stm32f4xx_it.o
                0x080014d4                DMA1_Stream4_IRQHandler
 .text.DMA1_Stream5_IRQHandler
                0x080014e8       0x14 Core\Src\stm32f4xx_it.o
                0x080014e8                DMA1_Stream5_IRQHandler
 .text.DMA1_Stream6_IRQHandler
                0x080014fc       0x14 Core\Src\stm32f4xx_it.o
                0x080014fc                DMA1_Stream6_IRQHandler
 .text.TIM4_IRQHandler
                0x08001510       0x14 Core\Src\stm32f4xx_it.o
                0x08001510                TIM4_IRQHandler
 .text.USART2_IRQHandler
                0x08001524       0x14 Core\Src\stm32f4xx_it.o
                0x08001524                USART2_IRQHandler
 .text._getpid  0x08001538       0x10 Core\Src\syscalls.o
                0x08001538                _getpid
 .text._kill    0x08001548       0x20 Core\Src\syscalls.o
                0x08001548                _kill
 .text._exit    0x08001568       0x14 Core\Src\syscalls.o
                0x08001568                _exit
 .text._read    0x0800157c       0x3a Core\Src\syscalls.o
                0x0800157c                _read
 .text._write   0x080015b6       0x38 Core\Src\syscalls.o
                0x080015b6                _write
 *fill*         0x080015ee        0x2 
 .text._sbrk    0x080015f0       0x58 Core\Src\syscalls.o
                0x080015f0                _sbrk
 .text._close   0x08001648       0x18 Core\Src\syscalls.o
                0x08001648                _close
 .text._fstat   0x08001660       0x20 Core\Src\syscalls.o
                0x08001660                _fstat
 .text._isatty  0x08001680       0x16 Core\Src\syscalls.o
                0x08001680                _isatty
 .text._lseek   0x08001696       0x1a Core\Src\syscalls.o
                0x08001696                _lseek
 .text.SystemInit
                0x080016b0       0x2c Core\Src\system_stm32f4xx.o
                0x080016b0                SystemInit
 .text.MX_TIM2_Init
                0x080016dc       0x9c Core\Src\tim.o
                0x080016dc                MX_TIM2_Init
 .text.MX_TIM4_Init
                0x08001778       0x98 Core\Src\tim.o
                0x08001778                MX_TIM4_Init
 .text.MX_TIM5_Init
                0x08001810       0xa0 Core\Src\tim.o
                0x08001810                MX_TIM5_Init
 .text.HAL_TIM_Base_MspInit
                0x080018b0       0xa4 Core\Src\tim.o
                0x080018b0                HAL_TIM_Base_MspInit
 .text.MX_USART2_UART_Init
                0x08001954       0x54 Core\Src\usart.o
                0x08001954                MX_USART2_UART_Init
 .text.HAL_UART_MspInit
                0x080019a8      0x168 Core\Src\usart.o
                0x080019a8                HAL_UART_MspInit
 .text.HAL_InitTick
                0x08001b10       0x60 Drivers\STM32F4xx_HAL_Driver\Src\stm32f4xx_hal.o
                0x08001b10                HAL_InitTick
 .text.HAL_IncTick
                0x08001b70       0x28 Drivers\STM32F4xx_HAL_Driver\Src\stm32f4xx_hal.o
                0x08001b70                HAL_IncTick
 .text.HAL_GetTick
                0x08001b98       0x18 Drivers\STM32F4xx_HAL_Driver\Src\stm32f4xx_hal.o
                0x08001b98                HAL_GetTick
 .text.__NVIC_GetPriorityGrouping
                0x08001bb0       0x1c Drivers\STM32F4xx_HAL_Driver\Src\stm32f4xx_hal_cortex.o
 .text.__NVIC_EnableIRQ
                0x08001bcc       0x3c Drivers\STM32F4xx_HAL_Driver\Src\stm32f4xx_hal_cortex.o
 .text.__NVIC_SetPriority
                0x08001c08       0x54 Drivers\STM32F4xx_HAL_Driver\Src\stm32f4xx_hal_cortex.o
 .text.NVIC_EncodePriority
                0x08001c5c       0x62 Drivers\STM32F4xx_HAL_Driver\Src\stm32f4xx_hal_cortex.o
 *fill*         0x08001cbe        0x2 
 .text.SysTick_Config
                0x08001cc0       0x44 Drivers\STM32F4xx_HAL_Driver\Src\stm32f4xx_hal_cortex.o
 .text.HAL_NVIC_SetPriority
                0x08001d04       0x38 Drivers\STM32F4xx_HAL_Driver\Src\stm32f4xx_hal_cortex.o
                0x08001d04                HAL_NVIC_SetPriority
 .text.HAL_NVIC_EnableIRQ
                0x08001d3c       0x1c Drivers\STM32F4xx_HAL_Driver\Src\stm32f4xx_hal_cortex.o
                0x08001d3c                HAL_NVIC_EnableIRQ
 .text.HAL_SYSTICK_Config
                0x08001d58       0x18 Drivers\STM32F4xx_HAL_Driver\Src\stm32f4xx_hal_cortex.o
                0x08001d58                HAL_SYSTICK_Config
 .text.HAL_DMA_Init
                0x08001d70      0x15c Drivers\STM32F4xx_HAL_Driver\Src\stm32f4xx_hal_dma.o
                0x08001d70                HAL_DMA_Init
 .text.HAL_DMA_Start_IT
                0x08001ecc       0xb0 Drivers\STM32F4xx_HAL_Driver\Src\stm32f4xx_hal_dma.o
                0x08001ecc                HAL_DMA_Start_IT
 .text.HAL_DMA_Abort
                0x08001f7c       0xe0 Drivers\STM32F4xx_HAL_Driver\Src\stm32f4xx_hal_dma.o
                0x08001f7c                HAL_DMA_Abort
 .text.HAL_DMA_Abort_IT
                0x0800205c       0x44 Drivers\STM32F4xx_HAL_Driver\Src\stm32f4xx_hal_dma.o
                0x0800205c                HAL_DMA_Abort_IT
 .text.HAL_DMA_IRQHandler
                0x080020a0      0x314 Drivers\STM32F4xx_HAL_Driver\Src\stm32f4xx_hal_dma.o
                0x080020a0                HAL_DMA_IRQHandler
 .text.DMA_SetConfig
                0x080023b4       0x5c Drivers\STM32F4xx_HAL_Driver\Src\stm32f4xx_hal_dma.o
 .text.DMA_CalcBaseAndBitshift
                0x08002410       0x6c Drivers\STM32F4xx_HAL_Driver\Src\stm32f4xx_hal_dma.o
 .text.DMA_CheckFifoParam
                0x0800247c       0xf4 Drivers\STM32F4xx_HAL_Driver\Src\stm32f4xx_hal_dma.o
 .text.HAL_GPIO_Init
                0x08002570      0x2e4 Drivers\STM32F4xx_HAL_Driver\Src\stm32f4xx_hal_gpio.o
                0x08002570                HAL_GPIO_Init
 .text.HAL_GPIO_ReadPin
                0x08002854       0x30 Drivers\STM32F4xx_HAL_Driver\Src\stm32f4xx_hal_gpio.o
                0x08002854                HAL_GPIO_ReadPin
 .text.HAL_GPIO_WritePin
                0x08002884       0x32 Drivers\STM32F4xx_HAL_Driver\Src\stm32f4xx_hal_gpio.o
                0x08002884                HAL_GPIO_WritePin
 *fill*         0x080028b6        0x2 
 .text.HAL_GPIO_EXTI_IRQHandler
                0x080028b8       0x30 Drivers\STM32F4xx_HAL_Driver\Src\stm32f4xx_hal_gpio.o
                0x080028b8                HAL_GPIO_EXTI_IRQHandler
 .text.HAL_RCC_ClockConfig
                0x080028e8      0x1cc Drivers\STM32F4xx_HAL_Driver\Src\stm32f4xx_hal_rcc.o
                0x080028e8                HAL_RCC_ClockConfig
 .text.HAL_RCC_GetSysClockFreq
                0x08002ab4      0x1b0 Drivers\STM32F4xx_HAL_Driver\Src\stm32f4xx_hal_rcc.o
                0x08002ab4                HAL_RCC_GetSysClockFreq
 .text.HAL_RCC_GetHCLKFreq
                0x08002c64       0x18 Drivers\STM32F4xx_HAL_Driver\Src\stm32f4xx_hal_rcc.o
                0x08002c64                HAL_RCC_GetHCLKFreq
 .text.HAL_RCC_GetPCLK1Freq
                0x08002c7c       0x28 Drivers\STM32F4xx_HAL_Driver\Src\stm32f4xx_hal_rcc.o
                0x08002c7c                HAL_RCC_GetPCLK1Freq
 .text.HAL_RCC_GetPCLK2Freq
                0x08002ca4       0x28 Drivers\STM32F4xx_HAL_Driver\Src\stm32f4xx_hal_rcc.o
                0x08002ca4                HAL_RCC_GetPCLK2Freq
 .text.HAL_RCC_OscConfig
                0x08002ccc      0x484 Drivers\STM32F4xx_HAL_Driver\Src\stm32f4xx_hal_rcc_ex.o
                0x08002ccc                HAL_RCC_OscConfig
 .text.HAL_SPI_Init
                0x08003150       0xc6 Drivers\STM32F4xx_HAL_Driver\Src\stm32f4xx_hal_spi.o
                0x08003150                HAL_SPI_Init
 *fill*         0x08003216        0x2 
 .text.HAL_SPI_Transmit_DMA
                0x08003218      0x15c Drivers\STM32F4xx_HAL_Driver\Src\stm32f4xx_hal_spi.o
                0x08003218                HAL_SPI_Transmit_DMA
 .text.HAL_SPI_TransmitReceive_DMA
                0x08003374      0x204 Drivers\STM32F4xx_HAL_Driver\Src\stm32f4xx_hal_spi.o
                0x08003374                HAL_SPI_TransmitReceive_DMA
 .text.HAL_SPI_Abort
                0x08003578      0x1d8 Drivers\STM32F4xx_HAL_Driver\Src\stm32f4xx_hal_spi.o
                0x08003578                HAL_SPI_Abort
 .text.HAL_SPI_RxCpltCallback
                0x08003750       0x14 Drivers\STM32F4xx_HAL_Driver\Src\stm32f4xx_hal_spi.o
                0x08003750                HAL_SPI_RxCpltCallback
 .text.HAL_SPI_TxHalfCpltCallback
                0x08003764       0x14 Drivers\STM32F4xx_HAL_Driver\Src\stm32f4xx_hal_spi.o
                0x08003764                HAL_SPI_TxHalfCpltCallback
 .text.HAL_SPI_RxHalfCpltCallback
                0x08003778       0x14 Drivers\STM32F4xx_HAL_Driver\Src\stm32f4xx_hal_spi.o
                0x08003778                HAL_SPI_RxHalfCpltCallback
 .text.HAL_SPI_TxRxHalfCpltCallback
                0x0800378c       0x14 Drivers\STM32F4xx_HAL_Driver\Src\stm32f4xx_hal_spi.o
                0x0800378c                HAL_SPI_TxRxHalfCpltCallback
 .text.SPI_DMATransmitCplt
                0x080037a0       0xa8 Drivers\STM32F4xx_HAL_Driver\Src\stm32f4xx_hal_spi.o
 .text.SPI_DMAReceiveCplt
                0x08003848       0xa8 Drivers\STM32F4xx_HAL_Driver\Src\stm32f4xx_hal_spi.o
 .text.SPI_DMATransmitReceiveCplt
                0x080038f0       0x90 Drivers\STM32F4xx_HAL_Driver\Src\stm32f4xx_hal_spi.o
 .text.SPI_DMAHalfTransmitCplt
                0x08003980       0x1c Drivers\STM32F4xx_HAL_Driver\Src\stm32f4xx_hal_spi.o
 .text.SPI_DMAHalfReceiveCplt
                0x0800399c       0x1c Drivers\STM32F4xx_HAL_Driver\Src\stm32f4xx_hal_spi.o
 .text.SPI_DMAHalfTransmitReceiveCplt
                0x080039b8       0x1c Drivers\STM32F4xx_HAL_Driver\Src\stm32f4xx_hal_spi.o
 .text.SPI_DMAError
                0x080039d4       0x40 Drivers\STM32F4xx_HAL_Driver\Src\stm32f4xx_hal_spi.o
 .text.SPI_WaitFlagStateUntilTimeout
                0x08003a14       0xd4 Drivers\STM32F4xx_HAL_Driver\Src\stm32f4xx_hal_spi.o
 .text.SPI_EndRxTransaction
                0x08003ae8       0xca Drivers\STM32F4xx_HAL_Driver\Src\stm32f4xx_hal_spi.o
 *fill*         0x08003bb2        0x2 
 .text.SPI_EndRxTxTransaction
                0x08003bb4       0x84 Drivers\STM32F4xx_HAL_Driver\Src\stm32f4xx_hal_spi.o
 .text.SPI_AbortRx_ISR
                0x08003c38       0x88 Drivers\STM32F4xx_HAL_Driver\Src\stm32f4xx_hal_spi.o
 .text.SPI_AbortTx_ISR
                0x08003cc0       0x3c Drivers\STM32F4xx_HAL_Driver\Src\stm32f4xx_hal_spi.o
 .text.HAL_TIM_Base_Init
                0x08003cfc       0x56 Drivers\STM32F4xx_HAL_Driver\Src\stm32f4xx_hal_tim.o
                0x08003cfc                HAL_TIM_Base_Init
 .text.HAL_TIM_Base_Start
                0x08003d52       0x48 Drivers\STM32F4xx_HAL_Driver\Src\stm32f4xx_hal_tim.o
                0x08003d52                HAL_TIM_Base_Start
 .text.HAL_TIM_IRQHandler
                0x08003d9a      0x210 Drivers\STM32F4xx_HAL_Driver\Src\stm32f4xx_hal_tim.o
                0x08003d9a                HAL_TIM_IRQHandler
 .text.HAL_TIM_ConfigClockSource
                0x08003faa      0x16e Drivers\STM32F4xx_HAL_Driver\Src\stm32f4xx_hal_tim.o
                0x08003faa                HAL_TIM_ConfigClockSource
 .text.HAL_TIM_SlaveConfigSynchro
                0x08004118       0x84 Drivers\STM32F4xx_HAL_Driver\Src\stm32f4xx_hal_tim.o
                0x08004118                HAL_TIM_SlaveConfigSynchro
 .text.HAL_TIM_OC_DelayElapsedCallback
                0x0800419c       0x14 Drivers\STM32F4xx_HAL_Driver\Src\stm32f4xx_hal_tim.o
                0x0800419c                HAL_TIM_OC_DelayElapsedCallback
 .text.HAL_TIM_IC_CaptureCallback
                0x080041b0       0x14 Drivers\STM32F4xx_HAL_Driver\Src\stm32f4xx_hal_tim.o
                0x080041b0                HAL_TIM_IC_CaptureCallback
 .text.HAL_TIM_PWM_PulseFinishedCallback
                0x080041c4       0x14 Drivers\STM32F4xx_HAL_Driver\Src\stm32f4xx_hal_tim.o
                0x080041c4                HAL_TIM_PWM_PulseFinishedCallback
 .text.HAL_TIM_TriggerCallback
                0x080041d8       0x14 Drivers\STM32F4xx_HAL_Driver\Src\stm32f4xx_hal_tim.o
                0x080041d8                HAL_TIM_TriggerCallback
 .text.TIM_Base_SetConfig
                0x080041ec      0x140 Drivers\STM32F4xx_HAL_Driver\Src\stm32f4xx_hal_tim.o
                0x080041ec                TIM_Base_SetConfig
 .text.TIM_SlaveTimer_SetConfig
                0x0800432c      0x10c Drivers\STM32F4xx_HAL_Driver\Src\stm32f4xx_hal_tim.o
 .text.TIM_TI1_ConfigInputStage
                0x08004438       0x5e Drivers\STM32F4xx_HAL_Driver\Src\stm32f4xx_hal_tim.o
 .text.TIM_TI2_ConfigInputStage
                0x08004496       0x60 Drivers\STM32F4xx_HAL_Driver\Src\stm32f4xx_hal_tim.o
 .text.TIM_ITRx_SetConfig
                0x080044f6       0x36 Drivers\STM32F4xx_HAL_Driver\Src\stm32f4xx_hal_tim.o
 .text.TIM_ETR_SetConfig
                0x0800452c       0x40 Drivers\STM32F4xx_HAL_Driver\Src\stm32f4xx_hal_tim.o
                0x0800452c                TIM_ETR_SetConfig
 .text.HAL_TIMEx_MasterConfigSynchronization
                0x0800456c       0xf8 Drivers\STM32F4xx_HAL_Driver\Src\stm32f4xx_hal_tim_ex.o
                0x0800456c                HAL_TIMEx_MasterConfigSynchronization
 .text.HAL_TIMEx_CommutCallback
                0x08004664       0x14 Drivers\STM32F4xx_HAL_Driver\Src\stm32f4xx_hal_tim_ex.o
                0x08004664                HAL_TIMEx_CommutCallback
 .text.HAL_TIMEx_BreakCallback
                0x08004678       0x14 Drivers\STM32F4xx_HAL_Driver\Src\stm32f4xx_hal_tim_ex.o
                0x08004678                HAL_TIMEx_BreakCallback
 .text.HAL_UART_Init
                0x0800468c       0x9a Drivers\STM32F4xx_HAL_Driver\Src\stm32f4xx_hal_uart.o
                0x0800468c                HAL_UART_Init
 *fill*         0x08004726        0x2 
 .text.HAL_UART_Transmit_DMA
                0x08004728       0xd8 Drivers\STM32F4xx_HAL_Driver\Src\stm32f4xx_hal_uart.o
                0x08004728                HAL_UART_Transmit_DMA
 .text.HAL_UART_IRQHandler
                0x08004800      0x200 Drivers\STM32F4xx_HAL_Driver\Src\stm32f4xx_hal_uart.o
                0x08004800                HAL_UART_IRQHandler
 .text.HAL_UART_TxHalfCpltCallback
                0x08004a00       0x14 Drivers\STM32F4xx_HAL_Driver\Src\stm32f4xx_hal_uart.o
                0x08004a00                HAL_UART_TxHalfCpltCallback
 .text.HAL_UART_RxCpltCallback
                0x08004a14       0x14 Drivers\STM32F4xx_HAL_Driver\Src\stm32f4xx_hal_uart.o
                0x08004a14                HAL_UART_RxCpltCallback
 .text.HAL_UART_ErrorCallback
                0x08004a28       0x14 Drivers\STM32F4xx_HAL_Driver\Src\stm32f4xx_hal_uart.o
                0x08004a28                HAL_UART_ErrorCallback
 .text.UART_DMATransmitCplt
                0x08004a3c       0x52 Drivers\STM32F4xx_HAL_Driver\Src\stm32f4xx_hal_uart.o
 .text.UART_DMATxHalfCplt
                0x08004a8e       0x1c Drivers\STM32F4xx_HAL_Driver\Src\stm32f4xx_hal_uart.o
 .text.UART_DMAError
                0x08004aaa       0x94 Drivers\STM32F4xx_HAL_Driver\Src\stm32f4xx_hal_uart.o
 .text.UART_EndTxTransfer
                0x08004b3e       0x2c Drivers\STM32F4xx_HAL_Driver\Src\stm32f4xx_hal_uart.o
 .text.UART_EndRxTransfer
                0x08004b6a       0x3c Drivers\STM32F4xx_HAL_Driver\Src\stm32f4xx_hal_uart.o
 .text.UART_DMAAbortOnError
                0x08004ba6       0x28 Drivers\STM32F4xx_HAL_Driver\Src\stm32f4xx_hal_uart.o
 .text.UART_Transmit_IT
                0x08004bce       0xaa Drivers\STM32F4xx_HAL_Driver\Src\stm32f4xx_hal_uart.o
 .text.UART_EndTransmit_IT
                0x08004c78       0x30 Drivers\STM32F4xx_HAL_Driver\Src\stm32f4xx_hal_uart.o
 .text.UART_Receive_IT
                0x08004ca8      0x102 Drivers\STM32F4xx_HAL_Driver\Src\stm32f4xx_hal_uart.o
 *fill*         0x08004daa        0x2 
 .text.UART_SetConfig
                0x08004dac      0x67c Drivers\STM32F4xx_HAL_Driver\Src\stm32f4xx_hal_uart.o
 .text.Reset_Handler
                0x08005428       0x50 startup\startup_stm32f412cx.o
                0x08005428                Reset_Handler
 .text.Default_Handler
                0x08005478        0x2 startup\startup_stm32f412cx.o
                0x08005478                RTC_Alarm_IRQHandler
                0x08005478                EXTI2_IRQHandler
                0x08005478                TIM8_CC_IRQHandler
                0x08005478                FMPI2C1_EV_IRQHandler
                0x08005478                SPI4_IRQHandler
                0x08005478                TIM1_CC_IRQHandler
                0x08005478                DMA2_Stream5_IRQHandler
                0x08005478                TIM6_IRQHandler
                0x08005478                PVD_IRQHandler
                0x08005478                SDIO_IRQHandler
                0x08005478                TAMP_STAMP_IRQHandler
                0x08005478                CAN2_RX1_IRQHandler
                0x08005478                EXTI3_IRQHandler
                0x08005478                TIM8_TRG_COM_TIM14_IRQHandler
                0x08005478                DFSDM1_FLT1_IRQHandler
                0x08005478                TIM1_UP_TIM10_IRQHandler
                0x08005478                TIM8_UP_TIM13_IRQHandler
                0x08005478                I2C3_ER_IRQHandler
                0x08005478                EXTI0_IRQHandler
                0x08005478                I2C2_EV_IRQHandler
                0x08005478                DMA1_Stream2_IRQHandler
                0x08005478                CAN1_RX0_IRQHandler
                0x08005478                FPU_IRQHandler
                0x08005478                CAN2_SCE_IRQHandler
                0x08005478                DMA2_Stream2_IRQHandler
                0x08005478                SPI1_IRQHandler
                0x08005478                TIM1_BRK_TIM9_IRQHandler
                0x08005478                CAN2_RX0_IRQHandler
                0x08005478                DMA2_Stream3_IRQHandler
                0x08005478                USART6_IRQHandler
                0x08005478                USART3_IRQHandler
                0x08005478                CAN1_RX1_IRQHandler
                0x08005478                DMA2_Stream0_IRQHandler
                0x08005478                I2C1_EV_IRQHandler
                0x08005478                DMA1_Stream1_IRQHandler
                0x08005478                TIM3_IRQHandler
                0x08005478                RCC_IRQHandler
                0x08005478                TIM8_BRK_TIM12_IRQHandler
                0x08005478                Default_Handler
                0x08005478                EXTI15_10_IRQHandler
                0x08005478                ADC_IRQHandler
                0x08005478                DMA1_Stream7_IRQHandler
                0x08005478                SPI5_IRQHandler
                0x08005478                TIM7_IRQHandler
                0x08005478                CAN2_TX_IRQHandler
                0x08005478                TIM5_IRQHandler
                0x08005478                DMA2_Stream7_IRQHandler
                0x08005478                I2C3_EV_IRQHandler
                0x08005478                EXTI9_5_IRQHandler
                0x08005478                RTC_WKUP_IRQHandler
                0x08005478                SPI2_IRQHandler
                0x08005478                DMA1_Stream0_IRQHandler
                0x08005478                CAN1_TX_IRQHandler
                0x08005478                FMPI2C1_ER_IRQHandler
                0x08005478                RNG_IRQHandler
                0x08005478                WWDG_IRQHandler
                0x08005478                TIM2_IRQHandler
                0x08005478                OTG_FS_WKUP_IRQHandler
                0x08005478                TIM1_TRG_COM_TIM11_IRQHandler
                0x08005478                EXTI1_IRQHandler
                0x08005478                DFSDM1_FLT0_IRQHandler
                0x08005478                I2C2_ER_IRQHandler
                0x08005478                DMA2_Stream1_IRQHandler
                0x08005478                CAN1_SCE_IRQHandler
                0x08005478                FLASH_IRQHandler
                0x08005478                DMA2_Stream4_IRQHandler
                0x08005478                USART1_IRQHandler
                0x08005478                OTG_FS_IRQHandler
                0x08005478                SPI3_IRQHandler
                0x08005478                I2C1_ER_IRQHandler
                0x08005478                DMA2_Stream6_IRQHandler
 *fill*         0x0800547a        0x2 
 .text.Time_GetNow
                0x0800547c        0x8 C:\Program Files (x86)\Broadcom\AFBR-S50 SDK\Device\Lib\AFBR-S50\libafbrs50_m4_fpu.a(time.o)
                0x0800547c                Time_GetNow
 .text.Time_GetElapsedUSec
                0x08005484       0x60 C:\Program Files (x86)\Broadcom\AFBR-S50 SDK\Device\Lib\AFBR-S50\libafbrs50_m4_fpu.a(time.o)
                0x08005484                Time_GetElapsedUSec
 .text.Time_DiffUSec
                0x080054e4       0x58 C:\Program Files (x86)\Broadcom\AFBR-S50 SDK\Device\Lib\AFBR-S50\libafbrs50_m4_fpu.a(time.o)
                0x080054e4                Time_DiffUSec
 .text.Time_DelayUSec
                0x0800553c       0xec C:\Program Files (x86)\Broadcom\AFBR-S50 SDK\Device\Lib\AFBR-S50\libafbrs50_m4_fpu.a(time.o)
                0x0800553c                Time_DelayUSec
 .text.Time_CheckTimeoutUSec
                0x08005628       0xd8 C:\Program Files (x86)\Broadcom\AFBR-S50 SDK\Device\Lib\AFBR-S50\libafbrs50_m4_fpu.a(time.o)
                0x08005628                Time_CheckTimeoutUSec
 .text.Time_CheckTimeoutMSec
                0x08005700       0xec C:\Program Files (x86)\Broadcom\AFBR-S50 SDK\Device\Lib\AFBR-S50\libafbrs50_m4_fpu.a(time.o)
                0x08005700                Time_CheckTimeoutMSec
 .text.Argus_Init
                0x080057ec      0x154 C:\Program Files (x86)\Broadcom\AFBR-S50 SDK\Device\Lib\AFBR-S50\libafbrs50_m4_fpu.a(argus_api.o)
                0x080057ec                Argus_Init
 .text.Argus_Malloc
                0x08005940        0x4 C:\Program Files (x86)\Broadcom\AFBR-S50 SDK\Device\Lib\AFBR-S50\libafbrs50_m4_fpu.a(argus_api.o)
                0x08005940                Argus_Malloc
 .text.Argus_CreateHandle
                0x08005944       0x24 C:\Program Files (x86)\Broadcom\AFBR-S50 SDK\Device\Lib\AFBR-S50\libafbrs50_m4_fpu.a(argus_api.o)
                0x08005944                Argus_CreateHandle
 .text.Argus_GetStatus
                0x08005968       0x40 C:\Program Files (x86)\Broadcom\AFBR-S50 SDK\Device\Lib\AFBR-S50\libafbrs50_m4_fpu.a(argus_api.o)
                0x08005968                Argus_GetStatus
 .text.Argus_TriggerMeasurement
                0x080059a8       0x7c C:\Program Files (x86)\Broadcom\AFBR-S50 SDK\Device\Lib\AFBR-S50\libafbrs50_m4_fpu.a(argus_api.o)
                0x080059a8                Argus_TriggerMeasurement
 .text.Argus_EvaluateData
                0x08005a24       0x64 C:\Program Files (x86)\Broadcom\AFBR-S50 SDK\Device\Lib\AFBR-S50\libafbrs50_m4_fpu.a(argus_api.o)
                0x08005a24                Argus_EvaluateData
 .text.Argus_GetAPIVersion
                0x08005a88        0x8 C:\Program Files (x86)\Broadcom\AFBR-S50 SDK\Device\Lib\AFBR-S50\libafbrs50_m4_fpu.a(argus_api.o)
                0x08005a88                Argus_GetAPIVersion
 .text.Argus_GetModuleVersion
                0x08005a90       0x48 C:\Program Files (x86)\Broadcom\AFBR-S50 SDK\Device\Lib\AFBR-S50\libafbrs50_m4_fpu.a(argus_api.o)
                0x08005a90                Argus_GetModuleVersion
 .text.Argus_GetChipID
                0x08005ad8       0x48 C:\Program Files (x86)\Broadcom\AFBR-S50 SDK\Device\Lib\AFBR-S50\libafbrs50_m4_fpu.a(argus_api.o)
                0x08005ad8                Argus_GetChipID
 .text.Argus_SetConfigurationFrameTime
                0x08005b20       0x94 C:\Program Files (x86)\Broadcom\AFBR-S50 SDK\Device\Lib\AFBR-S50\libafbrs50_m4_fpu.a(argus_api.o)
                0x08005b20                Argus_SetConfigurationFrameTime
 .text.Argus_Measurement_Init
                0x08005bb4       0x24 C:\Program Files (x86)\Broadcom\AFBR-S50 SDK\Device\Lib\AFBR-S50\libafbrs50_m4_fpu.a(argus_meas_api.o)
                0x08005bb4                Argus_Measurement_Init
 .text.Argus_Measurement_GetBusyBuffers
                0x08005bd8       0x14 C:\Program Files (x86)\Broadcom\AFBR-S50 SDK\Device\Lib\AFBR-S50\libafbrs50_m4_fpu.a(argus_meas_api.o)
                0x08005bd8                Argus_Measurement_GetBusyBuffers
 .text.Argus_Measurement_Start
                0x08005bec       0x84 C:\Program Files (x86)\Broadcom\AFBR-S50 SDK\Device\Lib\AFBR-S50\libafbrs50_m4_fpu.a(argus_meas_api.o)
                0x08005bec                Argus_Measurement_Start
 .text.Argus_Measurement_Trigger
                0x08005c70       0x84 C:\Program Files (x86)\Broadcom\AFBR-S50 SDK\Device\Lib\AFBR-S50\libafbrs50_m4_fpu.a(argus_meas_api.o)
                0x08005c70                Argus_Measurement_Trigger
 .text.MeasurementFinish
                0x08005cf4       0x80 C:\Program Files (x86)\Broadcom\AFBR-S50 SDK\Device\Lib\AFBR-S50\libafbrs50_m4_fpu.a(argus_meas_api.o)
 .text.MeasurementPrepare
                0x08005d74       0x78 C:\Program Files (x86)\Broadcom\AFBR-S50 SDK\Device\Lib\AFBR-S50\libafbrs50_m4_fpu.a(argus_meas_api.o)
 .text.TimerCallback
                0x08005dec       0x80 C:\Program Files (x86)\Broadcom\AFBR-S50 SDK\Device\Lib\AFBR-S50\libafbrs50_m4_fpu.a(argus_meas_api.o)
 .text.MeasurementStartIntegration
                0x08005e6c       0x38 C:\Program Files (x86)\Broadcom\AFBR-S50 SDK\Device\Lib\AFBR-S50\libafbrs50_m4_fpu.a(argus_meas_api.o)
 .text.MeasurementStartAuxChannels
                0x08005ea4       0x2c C:\Program Files (x86)\Broadcom\AFBR-S50 SDK\Device\Lib\AFBR-S50\libafbrs50_m4_fpu.a(argus_meas_api.o)
 .text.MeasurementReadAuxChannels
                0x08005ed0       0x38 C:\Program Files (x86)\Broadcom\AFBR-S50 SDK\Device\Lib\AFBR-S50\libafbrs50_m4_fpu.a(argus_meas_api.o)
 .text.MeasurementDetuneClock
                0x08005f08       0x2c C:\Program Files (x86)\Broadcom\AFBR-S50 SDK\Device\Lib\AFBR-S50\libafbrs50_m4_fpu.a(argus_meas_api.o)
 .text.MeasurementUpdateConfig
                0x08005f34       0x30 C:\Program Files (x86)\Broadcom\AFBR-S50 SDK\Device\Lib\AFBR-S50\libafbrs50_m4_fpu.a(argus_meas_api.o)
 .text.MeasurementReadData
                0x08005f64       0xc0 C:\Program Files (x86)\Broadcom\AFBR-S50 SDK\Device\Lib\AFBR-S50\libafbrs50_m4_fpu.a(argus_meas_api.o)
 .text.Argus_Eval_None
                0x08006024        0x4 C:\Program Files (x86)\Broadcom\AFBR-S50 SDK\Device\Lib\AFBR-S50\libafbrs50_m4_fpu.a(argus_eval_api.o)
 .text.ApplyPhaseEvaluation
                0x08006028      0x73c C:\Program Files (x86)\Broadcom\AFBR-S50 SDK\Device\Lib\AFBR-S50\libafbrs50_m4_fpu.a(argus_eval_api.o)
 .text.Argus_Eval_Init
                0x08006764       0x5c C:\Program Files (x86)\Broadcom\AFBR-S50 SDK\Device\Lib\AFBR-S50\libafbrs50_m4_fpu.a(argus_eval_api.o)
                0x08006764                Argus_Eval_Init
 .text.Argus_Eval_GetRangeFactors
                0x080067c0      0x3a4 C:\Program Files (x86)\Broadcom\AFBR-S50 SDK\Device\Lib\AFBR-S50\libafbrs50_m4_fpu.a(argus_eval_api.o)
                0x080067c0                Argus_Eval_GetRangeFactors
 .text.Argus_Eval_Update
                0x08006b64      0x17c C:\Program Files (x86)\Broadcom\AFBR-S50 SDK\Device\Lib\AFBR-S50\libafbrs50_m4_fpu.a(argus_eval_api.o)
                0x08006b64                Argus_Eval_Update
 .text.Argus_Eval_ApplyPreEvaluation
                0x08006ce0      0x174 C:\Program Files (x86)\Broadcom\AFBR-S50 SDK\Device\Lib\AFBR-S50\libafbrs50_m4_fpu.a(argus_eval_api.o)
                0x08006ce0                Argus_Eval_ApplyPreEvaluation
 .text.Argus_Eval_ApplyAuxEvaluation
                0x08006e54       0xc4 C:\Program Files (x86)\Broadcom\AFBR-S50 SDK\Device\Lib\AFBR-S50\libafbrs50_m4_fpu.a(argus_eval_api.o)
                0x08006e54                Argus_Eval_ApplyAuxEvaluation
 .text.Argus_Eval_Apply
                0x08006f18      0xac8 C:\Program Files (x86)\Broadcom\AFBR-S50 SDK\Device\Lib\AFBR-S50\libafbrs50_m4_fpu.a(argus_eval_api.o)
                0x08006f18                Argus_Eval_Apply
 .text.Argus_Eval_ResetShotNoiseAmplitudeEMA
                0x080079e0        0xc C:\Program Files (x86)\Broadcom\AFBR-S50 SDK\Device\Lib\AFBR-S50\libafbrs50_m4_fpu.a(argus_eval_api.o)
                0x080079e0                Argus_Eval_ResetShotNoiseAmplitudeEMA
 .text.Argus_Pba_Init
                0x080079ec       0x10 C:\Program Files (x86)\Broadcom\AFBR-S50 SDK\Device\Lib\AFBR-S50\libafbrs50_m4_fpu.a(argus_eval_pba_api.o)
                0x080079ec                Argus_Pba_Init
 .text.Argus_Pba_CheckCfg
                0x080079fc       0x58 C:\Program Files (x86)\Broadcom\AFBR-S50 SDK\Device\Lib\AFBR-S50\libafbrs50_m4_fpu.a(argus_eval_pba_api.o)
                0x080079fc                Argus_Pba_CheckCfg
 .text.Argus_Pba_UpdateConfig
                0x08007a54       0x28 C:\Program Files (x86)\Broadcom\AFBR-S50 SDK\Device\Lib\AFBR-S50\libafbrs50_m4_fpu.a(argus_eval_pba_api.o)
                0x08007a54                Argus_Pba_UpdateConfig
 .text.Argus_Pba_Apply
                0x08007a7c      0x5dc C:\Program Files (x86)\Broadcom\AFBR-S50 SDK\Device\Lib\AFBR-S50\libafbrs50_m4_fpu.a(argus_eval_pba_api.o)
                0x08007a7c                Argus_Pba_Apply
 .text.Argus_Eval_Trapezoidal
                0x08008058      0x138 C:\Program Files (x86)\Broadcom\AFBR-S50 SDK\Device\Lib\AFBR-S50\libafbrs50_m4_fpu.a(argus_eval_trapezoidal.o)
                0x08008058                Argus_Eval_Trapezoidal
 .text.Argus_Eval_Triangular
                0x08008190      0x120 C:\Program Files (x86)\Broadcom\AFBR-S50 SDK\Device\Lib\AFBR-S50\libafbrs50_m4_fpu.a(argus_eval_triangular.o)
                0x08008190                Argus_Eval_Triangular
 .text.ClearStatusCallback
                0x080082b0        0xc C:\Program Files (x86)\Broadcom\AFBR-S50 SDK\Device\Lib\AFBR-S50\libafbrs50_m4_fpu.a(argus_cfg_api.o)
 .text.PrepareConfiguration
                0x080082bc      0x128 C:\Program Files (x86)\Broadcom\AFBR-S50 SDK\Device\Lib\AFBR-S50\libafbrs50_m4_fpu.a(argus_cfg_api.o)
 .text.ApplyInitCfg
                0x080083e4       0x68 C:\Program Files (x86)\Broadcom\AFBR-S50 SDK\Device\Lib\AFBR-S50\libafbrs50_m4_fpu.a(argus_cfg_api.o)
 .text.Argus_Cfg_Init
                0x0800844c       0x20 C:\Program Files (x86)\Broadcom\AFBR-S50 SDK\Device\Lib\AFBR-S50\libafbrs50_m4_fpu.a(argus_cfg_api.o)
                0x0800844c                Argus_Cfg_Init
 .text.Argus_Cfg_SetConfigurationSync
                0x0800846c       0x4c C:\Program Files (x86)\Broadcom\AFBR-S50 SDK\Device\Lib\AFBR-S50\libafbrs50_m4_fpu.a(argus_cfg_api.o)
                0x0800846c                Argus_Cfg_SetConfigurationSync
 .text.Argus_Cfg_SetConfiguration
                0x080084b8       0x8c C:\Program Files (x86)\Broadcom\AFBR-S50 SDK\Device\Lib\AFBR-S50\libafbrs50_m4_fpu.a(argus_cfg_api.o)
                0x080084b8                Argus_Cfg_SetConfiguration
 .text.Argus_Cfg_GetConfiguration
                0x08008544       0x14 C:\Program Files (x86)\Broadcom\AFBR-S50 SDK\Device\Lib\AFBR-S50\libafbrs50_m4_fpu.a(argus_cfg_api.o)
                0x08008544                Argus_Cfg_GetConfiguration
 .text.Argus_Cfg_GetConfigurationPtr
                0x08008558        0x4 C:\Program Files (x86)\Broadcom\AFBR-S50 SDK\Device\Lib\AFBR-S50\libafbrs50_m4_fpu.a(argus_cfg_api.o)
                0x08008558                Argus_Cfg_GetConfigurationPtr
 .text.Argus_GetDefaultPbaCfg.isra.0
                0x0800855c       0xcc C:\Program Files (x86)\Broadcom\AFBR-S50 SDK\Device\Lib\AFBR-S50\libafbrs50_m4_fpu.a(argus_cfg_default.o)
 .text.Argus_Cfg_GetDefaultConfiguration
                0x08008628      0xb4c C:\Program Files (x86)\Broadcom\AFBR-S50 SDK\Device\Lib\AFBR-S50\libafbrs50_m4_fpu.a(argus_cfg_default.o)
                0x08008628                Argus_Cfg_GetDefaultConfiguration
 .text.Argus_Cfg_GetCurrentDefaultConfiguration
                0x08009174       0x40 C:\Program Files (x86)\Broadcom\AFBR-S50 SDK\Device\Lib\AFBR-S50\libafbrs50_m4_fpu.a(argus_cfg_default.o)
                0x08009174                Argus_Cfg_GetCurrentDefaultConfiguration
 .text.fp_exp24
                0x080091b4      0x19c C:\Program Files (x86)\Broadcom\AFBR-S50 SDK\Device\Lib\AFBR-S50\libafbrs50_m4_fpu.a(argus_dca_api.o)
 .text.SetIntegrationEnergy
                0x08009350       0x8c C:\Program Files (x86)\Broadcom\AFBR-S50 SDK\Device\Lib\AFBR-S50\libafbrs50_m4_fpu.a(argus_dca_api.o)
 .text.Argus_Dca_Init
                0x080093dc       0x5c C:\Program Files (x86)\Broadcom\AFBR-S50 SDK\Device\Lib\AFBR-S50\libafbrs50_m4_fpu.a(argus_dca_api.o)
                0x080093dc                Argus_Dca_Init
 .text.Argus_Dca_SetVoltageValues
                0x08009438       0x20 C:\Program Files (x86)\Broadcom\AFBR-S50 SDK\Device\Lib\AFBR-S50\libafbrs50_m4_fpu.a(argus_dca_api.o)
                0x08009438                Argus_Dca_SetVoltageValues
 .text.Argus_Dca_GetCurrentValues
                0x08009458        0x4 C:\Program Files (x86)\Broadcom\AFBR-S50 SDK\Device\Lib\AFBR-S50\libafbrs50_m4_fpu.a(argus_dca_api.o)
                0x08009458                Argus_Dca_GetCurrentValues
 .text.Argus_Dca_GetIntDepth
                0x0800945c        0x4 C:\Program Files (x86)\Broadcom\AFBR-S50 SDK\Device\Lib\AFBR-S50\libafbrs50_m4_fpu.a(argus_dca_api.o)
                0x0800945c                Argus_Dca_GetIntDepth
 .text.Argus_Dca_GetState
                0x08009460       0x3c C:\Program Files (x86)\Broadcom\AFBR-S50 SDK\Device\Lib\AFBR-S50\libafbrs50_m4_fpu.a(argus_dca_api.o)
                0x08009460                Argus_Dca_GetState
 .text.Argus_Dca_UpdateCalibration
                0x0800949c      0x3bc C:\Program Files (x86)\Broadcom\AFBR-S50 SDK\Device\Lib\AFBR-S50\libafbrs50_m4_fpu.a(argus_dca_api.o)
                0x0800949c                Argus_Dca_UpdateCalibration
 .text.Argus_Dca_CheckCfg
                0x08009858      0x2bc C:\Program Files (x86)\Broadcom\AFBR-S50 SDK\Device\Lib\AFBR-S50\libafbrs50_m4_fpu.a(argus_dca_api.o)
                0x08009858                Argus_Dca_CheckCfg
 .text.Argus_Dca_PrepareCfg
                0x08009b14     0x2484 C:\Program Files (x86)\Broadcom\AFBR-S50 SDK\Device\Lib\AFBR-S50\libafbrs50_m4_fpu.a(argus_dca_api.o)
                0x08009b14                Argus_Dca_PrepareCfg
 .text.Argus_Dca_Apply
                0x0800bf98      0x3f8 C:\Program Files (x86)\Broadcom\AFBR-S50 SDK\Device\Lib\AFBR-S50\libafbrs50_m4_fpu.a(argus_dca_api.o)
                0x0800bf98                Argus_Dca_Apply
 .text.Argus_Dca_RecoverLaserFailure
                0x0800c390       0x48 C:\Program Files (x86)\Broadcom\AFBR-S50 SDK\Device\Lib\AFBR-S50\libafbrs50_m4_fpu.a(argus_dca_api.o)
                0x0800c390                Argus_Dca_RecoverLaserFailure
 .text.Argus_Dca_Evaluate
                0x0800c3d8      0xab4 C:\Program Files (x86)\Broadcom\AFBR-S50 SDK\Device\Lib\AFBR-S50\libafbrs50_m4_fpu.a(argus_dca_api.o)
                0x0800c3d8                Argus_Dca_Evaluate
 .text.GetStatusCallback
                0x0800ce8c        0x4 C:\Program Files (x86)\Broadcom\AFBR-S50 SDK\Device\Lib\AFBR-S50\libafbrs50_m4_fpu.a(argus_dev_api.o)
 .text.FinishIntegration
                0x0800ce90       0x10 C:\Program Files (x86)\Broadcom\AFBR-S50 SDK\Device\Lib\AFBR-S50\libafbrs50_m4_fpu.a(argus_dev_api.o)
 .text.FinishDetuneClock
                0x0800cea0       0x28 C:\Program Files (x86)\Broadcom\AFBR-S50 SDK\Device\Lib\AFBR-S50\libafbrs50_m4_fpu.a(argus_dev_api.o)
 .text.ChargePumpRamp
                0x0800cec8      0x118 C:\Program Files (x86)\Broadcom\AFBR-S50 SDK\Device\Lib\AFBR-S50\libafbrs50_m4_fpu.a(argus_dev_api.o)
 .text.ApplyClockFrequency
                0x0800cfe0       0xc4 C:\Program Files (x86)\Broadcom\AFBR-S50 SDK\Device\Lib\AFBR-S50\libafbrs50_m4_fpu.a(argus_dev_api.o)
 .text.FinishStartIntegration
                0x0800d0a4       0xb8 C:\Program Files (x86)\Broadcom\AFBR-S50 SDK\Device\Lib\AFBR-S50\libafbrs50_m4_fpu.a(argus_dev_api.o)
 .text.EnableEEPROM
                0x0800d15c       0xb8 C:\Program Files (x86)\Broadcom\AFBR-S50 SDK\Device\Lib\AFBR-S50\libafbrs50_m4_fpu.a(argus_dev_api.o)
 .text.DisableClock2
                0x0800d214       0xb8 C:\Program Files (x86)\Broadcom\AFBR-S50 SDK\Device\Lib\AFBR-S50\libafbrs50_m4_fpu.a(argus_dev_api.o)
 .text.WriteBlockEnable2
                0x0800d2cc       0xd4 C:\Program Files (x86)\Broadcom\AFBR-S50 SDK\Device\Lib\AFBR-S50\libafbrs50_m4_fpu.a(argus_dev_api.o)
 .text.WriteRegisterConfiguration
                0x0800d3a0      0x704 C:\Program Files (x86)\Broadcom\AFBR-S50 SDK\Device\Lib\AFBR-S50\libafbrs50_m4_fpu.a(argus_dev_api.o)
 .text.WriteRegisterConfigurationCheckDeviceConfig
                0x0800daa4       0x88 C:\Program Files (x86)\Broadcom\AFBR-S50 SDK\Device\Lib\AFBR-S50\libafbrs50_m4_fpu.a(argus_dev_api.o)
 .text.WriteBlockEnable
                0x0800db2c      0x18c C:\Program Files (x86)\Broadcom\AFBR-S50 SDK\Device\Lib\AFBR-S50\libafbrs50_m4_fpu.a(argus_dev_api.o)
 .text.PollClockLocked
                0x0800dcb8      0x370 C:\Program Files (x86)\Broadcom\AFBR-S50 SDK\Device\Lib\AFBR-S50\libafbrs50_m4_fpu.a(argus_dev_api.o)
 .text.VerifyBlockEnable
                0x0800e028      0x208 C:\Program Files (x86)\Broadcom\AFBR-S50 SDK\Device\Lib\AFBR-S50\libafbrs50_m4_fpu.a(argus_dev_api.o)
 .text.WriteClockConfiguration
                0x0800e230      0x2a8 C:\Program Files (x86)\Broadcom\AFBR-S50 SDK\Device\Lib\AFBR-S50\libafbrs50_m4_fpu.a(argus_dev_api.o)
 .text.Argus_Dev_TestConnection
                0x0800e4d8       0xe4 C:\Program Files (x86)\Broadcom\AFBR-S50 SDK\Device\Lib\AFBR-S50\libafbrs50_m4_fpu.a(argus_dev_api.o)
                0x0800e4d8                Argus_Dev_TestConnection
 .text.Argus_Dev_Init
                0x0800e5bc      0x250 C:\Program Files (x86)\Broadcom\AFBR-S50 SDK\Device\Lib\AFBR-S50\libafbrs50_m4_fpu.a(argus_dev_api.o)
                0x0800e5bc                Argus_Dev_Init
 .text.Argus_Dev_AwaitStatus
                0x0800e80c       0xa4 C:\Program Files (x86)\Broadcom\AFBR-S50 SDK\Device\Lib\AFBR-S50\libafbrs50_m4_fpu.a(argus_dev_api.o)
                0x0800e80c                Argus_Dev_AwaitStatus
 .text.Argus_Dev_SetStatusSync
                0x0800e8b0       0x8c C:\Program Files (x86)\Broadcom\AFBR-S50 SDK\Device\Lib\AFBR-S50\libafbrs50_m4_fpu.a(argus_dev_api.o)
                0x0800e8b0                Argus_Dev_SetStatusSync
 .text.Argus_Dev_SetStatus
                0x0800e93c       0x24 C:\Program Files (x86)\Broadcom\AFBR-S50 SDK\Device\Lib\AFBR-S50\libafbrs50_m4_fpu.a(argus_dev_api.o)
                0x0800e93c                Argus_Dev_SetStatus
 .text.Argus_Dev_SetError
                0x0800e960        0x4 C:\Program Files (x86)\Broadcom\AFBR-S50 SDK\Device\Lib\AFBR-S50\libafbrs50_m4_fpu.a(argus_dev_api.o)
                0x0800e960                Argus_Dev_SetError
 .text.Argus_Dev_ClearStatus
                0x0800e964       0x28 C:\Program Files (x86)\Broadcom\AFBR-S50 SDK\Device\Lib\AFBR-S50\libafbrs50_m4_fpu.a(argus_dev_api.o)
                0x0800e964                Argus_Dev_ClearStatus
 .text.Argus_Dev_GetStatus
                0x0800e98c       0x24 C:\Program Files (x86)\Broadcom\AFBR-S50 SDK\Device\Lib\AFBR-S50\libafbrs50_m4_fpu.a(argus_dev_api.o)
                0x0800e98c                Argus_Dev_GetStatus
 .text.Argus_Dev_Abort
                0x0800e9b0        0x8 C:\Program Files (x86)\Broadcom\AFBR-S50 SDK\Device\Lib\AFBR-S50\libafbrs50_m4_fpu.a(argus_dev_api.o)
                0x0800e9b0                Argus_Dev_Abort
 .text.Argus_Dev_ReadData
                0x0800e9b8        0x8 C:\Program Files (x86)\Broadcom\AFBR-S50 SDK\Device\Lib\AFBR-S50\libafbrs50_m4_fpu.a(argus_dev_api.o)
                0x0800e9b8                Argus_Dev_ReadData
 .text.Argus_Dev_CheckCfg
                0x0800e9c0      0x3b8 C:\Program Files (x86)\Broadcom\AFBR-S50 SDK\Device\Lib\AFBR-S50\libafbrs50_m4_fpu.a(argus_dev_api.o)
                0x0800e9c0                Argus_Dev_CheckCfg
 .text.Argus_Dev_UpdateCalibration
                0x0800ed78      0x108 C:\Program Files (x86)\Broadcom\AFBR-S50 SDK\Device\Lib\AFBR-S50\libafbrs50_m4_fpu.a(argus_dev_api.o)
                0x0800ed78                Argus_Dev_UpdateCalibration
 .text.Argus_Dev_GetFrameTime
                0x0800ee80        0x8 C:\Program Files (x86)\Broadcom\AFBR-S50 SDK\Device\Lib\AFBR-S50\libafbrs50_m4_fpu.a(argus_dev_api.o)
                0x0800ee80                Argus_Dev_GetFrameTime
 .text.Argus_Dev_GetFrameTimeout
                0x0800ee88      0x120 C:\Program Files (x86)\Broadcom\AFBR-S50 SDK\Device\Lib\AFBR-S50\libafbrs50_m4_fpu.a(argus_dev_api.o)
                0x0800ee88                Argus_Dev_GetFrameTimeout
 .text.Argus_Dev_GetPixelCount
                0x0800efa8       0x58 C:\Program Files (x86)\Broadcom\AFBR-S50 SDK\Device\Lib\AFBR-S50\libafbrs50_m4_fpu.a(argus_dev_api.o)
                0x0800efa8                Argus_Dev_GetPixelCount
 .text.Argus_Dev_ClearUpdateFlag
                0x0800f000       0x10 C:\Program Files (x86)\Broadcom\AFBR-S50 SDK\Device\Lib\AFBR-S50\libafbrs50_m4_fpu.a(argus_dev_api.o)
                0x0800f000                Argus_Dev_ClearUpdateFlag
 .text.Argus_Dev_HasUpdateFlag
                0x0800f010        0xc C:\Program Files (x86)\Broadcom\AFBR-S50 SDK\Device\Lib\AFBR-S50\libafbrs50_m4_fpu.a(argus_dev_api.o)
                0x0800f010                Argus_Dev_HasUpdateFlag
 .text.Argus_Dev_StartIgnoreEvalTasks
                0x0800f01c       0x10 C:\Program Files (x86)\Broadcom\AFBR-S50 SDK\Device\Lib\AFBR-S50\libafbrs50_m4_fpu.a(argus_dev_api.o)
                0x0800f01c                Argus_Dev_StartIgnoreEvalTasks
 .text.Argus_Dev_StopIgnoreEvalTasks
                0x0800f02c       0x10 C:\Program Files (x86)\Broadcom\AFBR-S50 SDK\Device\Lib\AFBR-S50\libafbrs50_m4_fpu.a(argus_dev_api.o)
                0x0800f02c                Argus_Dev_StopIgnoreEvalTasks
 .text.Argus_Dev_GetFrameConfig
                0x0800f03c      0x134 C:\Program Files (x86)\Broadcom\AFBR-S50 SDK\Device\Lib\AFBR-S50\libafbrs50_m4_fpu.a(argus_dev_api.o)
                0x0800f03c                Argus_Dev_GetFrameConfig
 .text.Argus_Dev_GetModule
                0x0800f170        0x4 C:\Program Files (x86)\Broadcom\AFBR-S50 SDK\Device\Lib\AFBR-S50\libafbrs50_m4_fpu.a(argus_dev_api.o)
                0x0800f170                Argus_Dev_GetModule
 .text.Argus_Dev_GetChipID
                0x0800f174        0x4 C:\Program Files (x86)\Broadcom\AFBR-S50 SDK\Device\Lib\AFBR-S50\libafbrs50_m4_fpu.a(argus_dev_api.o)
                0x0800f174                Argus_Dev_GetChipID
 .text.Argus_Dev_GetChipVersion
                0x0800f178        0x4 C:\Program Files (x86)\Broadcom\AFBR-S50 SDK\Device\Lib\AFBR-S50\libafbrs50_m4_fpu.a(argus_dev_api.o)
                0x0800f178                Argus_Dev_GetChipVersion
 .text.Argus_Dev_GetLaserType
                0x0800f17c        0x4 C:\Program Files (x86)\Broadcom\AFBR-S50 SDK\Device\Lib\AFBR-S50\libafbrs50_m4_fpu.a(argus_dev_api.o)
                0x0800f17c                Argus_Dev_GetLaserType
 .text.Argus_Dev_PrepareCfg
                0x0800f180       0x4c C:\Program Files (x86)\Broadcom\AFBR-S50 SDK\Device\Lib\AFBR-S50\libafbrs50_m4_fpu.a(argus_dev_api.o)
                0x0800f180                Argus_Dev_PrepareCfg
 .text.Argus_Dev_GetCfg
                0x0800f1cc        0x8 C:\Program Files (x86)\Broadcom\AFBR-S50 SDK\Device\Lib\AFBR-S50\libafbrs50_m4_fpu.a(argus_dev_api.o)
                0x0800f1cc                Argus_Dev_GetCfg
 .text.Argus_Dev_InvalidateAllRegisters
                0x0800f1d4       0x18 C:\Program Files (x86)\Broadcom\AFBR-S50 SDK\Device\Lib\AFBR-S50\libafbrs50_m4_fpu.a(argus_dev_api.o)
                0x0800f1d4                Argus_Dev_InvalidateAllRegisters
 .text.Argus_Dev_InvalidateRegister
                0x0800f1ec       0x14 C:\Program Files (x86)\Broadcom\AFBR-S50 SDK\Device\Lib\AFBR-S50\libafbrs50_m4_fpu.a(argus_dev_api.o)
                0x0800f1ec                Argus_Dev_InvalidateRegister
 .text.Argus_Dev_Update
                0x0800f200      0x380 C:\Program Files (x86)\Broadcom\AFBR-S50 SDK\Device\Lib\AFBR-S50\libafbrs50_m4_fpu.a(argus_dev_api.o)
                0x0800f200                Argus_Dev_Update
 .text.Argus_Dev_RecoverFromError
                0x0800f580       0x7c C:\Program Files (x86)\Broadcom\AFBR-S50 SDK\Device\Lib\AFBR-S50\libafbrs50_m4_fpu.a(argus_dev_api.o)
                0x0800f580                Argus_Dev_RecoverFromError
 .text.Argus_Dev_UpdateSync
                0x0800f5fc       0x58 C:\Program Files (x86)\Broadcom\AFBR-S50 SDK\Device\Lib\AFBR-S50\libafbrs50_m4_fpu.a(argus_dev_api.o)
                0x0800f5fc                Argus_Dev_UpdateSync
 .text.Argus_Dev_ChargePumpRamp
                0x0800f654      0x10c C:\Program Files (x86)\Broadcom\AFBR-S50 SDK\Device\Lib\AFBR-S50\libafbrs50_m4_fpu.a(argus_dev_api.o)
                0x0800f654                Argus_Dev_ChargePumpRamp
 .text.Argus_Dev_StartIntegration
                0x0800f760       0x7c C:\Program Files (x86)\Broadcom\AFBR-S50 SDK\Device\Lib\AFBR-S50\libafbrs50_m4_fpu.a(argus_dev_api.o)
                0x0800f760                Argus_Dev_StartIntegration
 .text.Argus_Dev_CheckDeviceConfigRegister
                0x0800f7dc       0x40 C:\Program Files (x86)\Broadcom\AFBR-S50 SDK\Device\Lib\AFBR-S50\libafbrs50_m4_fpu.a(argus_dev_api.o)
                0x0800f7dc                Argus_Dev_CheckDeviceConfigRegister
 .text.Argus_Dev_DetuneClock
                0x0800f81c       0xd0 C:\Program Files (x86)\Broadcom\AFBR-S50 SDK\Device\Lib\AFBR-S50\libafbrs50_m4_fpu.a(argus_dev_api.o)
                0x0800f81c                Argus_Dev_DetuneClock
 .text.Argus_Dev_ReadEEPROM
                0x0800f8ec      0x188 C:\Program Files (x86)\Broadcom\AFBR-S50 SDK\Device\Lib\AFBR-S50\libafbrs50_m4_fpu.a(argus_dev_api.o)
                0x0800f8ec                Argus_Dev_ReadEEPROM
 .text.AuxMeasurementFinish
                0x0800fa74       0x10 C:\Program Files (x86)\Broadcom\AFBR-S50 SDK\Device\Lib\AFBR-S50\libafbrs50_m4_fpu.a(argus_dev_seq.o)
 .text.BglMeasurementFinish
                0x0800fa84       0xa0 C:\Program Files (x86)\Broadcom\AFBR-S50 SDK\Device\Lib\AFBR-S50\libafbrs50_m4_fpu.a(argus_dev_seq.o)
 .text.BglMeasurementChargePumpRamp
                0x0800fb24       0x24 C:\Program Files (x86)\Broadcom\AFBR-S50 SDK\Device\Lib\AFBR-S50\libafbrs50_m4_fpu.a(argus_dev_seq.o)
 .text.BglMeasurementIntegrate0
                0x0800fb48       0x28 C:\Program Files (x86)\Broadcom\AFBR-S50 SDK\Device\Lib\AFBR-S50\libafbrs50_m4_fpu.a(argus_dev_seq.o)
 .text.BglMeasurementRead0
                0x0800fb70       0x34 C:\Program Files (x86)\Broadcom\AFBR-S50 SDK\Device\Lib\AFBR-S50\libafbrs50_m4_fpu.a(argus_dev_seq.o)
 .text.BglMeasurementIntegrate1
                0x0800fba4       0x28 C:\Program Files (x86)\Broadcom\AFBR-S50 SDK\Device\Lib\AFBR-S50\libafbrs50_m4_fpu.a(argus_dev_seq.o)
 .text.BglMeasurementRead1
                0x0800fbcc       0x34 C:\Program Files (x86)\Broadcom\AFBR-S50 SDK\Device\Lib\AFBR-S50\libafbrs50_m4_fpu.a(argus_dev_seq.o)
 .text.VsubMeasurementFinish
                0x0800fc00       0xe8 C:\Program Files (x86)\Broadcom\AFBR-S50 SDK\Device\Lib\AFBR-S50\libafbrs50_m4_fpu.a(argus_dev_seq.o)
 .text.VsubMeasurementRead
                0x0800fce8       0x34 C:\Program Files (x86)\Broadcom\AFBR-S50 SDK\Device\Lib\AFBR-S50\libafbrs50_m4_fpu.a(argus_dev_seq.o)
 .text.AuxMeasurementStarted
                0x0800fd1c       0x2c C:\Program Files (x86)\Broadcom\AFBR-S50 SDK\Device\Lib\AFBR-S50\libafbrs50_m4_fpu.a(argus_dev_seq.o)
 .text.BglMeasurementPrepare1
                0x0800fd48       0x94 C:\Program Files (x86)\Broadcom\AFBR-S50 SDK\Device\Lib\AFBR-S50\libafbrs50_m4_fpu.a(argus_dev_seq.o)
 .text.VsubMeasurementIntegrate
                0x0800fddc      0x21c C:\Program Files (x86)\Broadcom\AFBR-S50 SDK\Device\Lib\AFBR-S50\libafbrs50_m4_fpu.a(argus_dev_seq.o)
 .text.VsubMeasurementEvaluate
                0x0800fff8      0x2d4 C:\Program Files (x86)\Broadcom\AFBR-S50 SDK\Device\Lib\AFBR-S50\libafbrs50_m4_fpu.a(argus_dev_seq.o)
 .text.Argus_Dev_StartBglMeasurement
                0x080102cc      0x1a8 C:\Program Files (x86)\Broadcom\AFBR-S50 SDK\Device\Lib\AFBR-S50\libafbrs50_m4_fpu.a(argus_dev_seq.o)
                0x080102cc                Argus_Dev_StartBglMeasurement
 .text.Argus_Dev_StartVsubMeasurement
                0x08010474       0x54 C:\Program Files (x86)\Broadcom\AFBR-S50 SDK\Device\Lib\AFBR-S50\libafbrs50_m4_fpu.a(argus_dev_seq.o)
                0x08010474                Argus_Dev_StartVsubMeasurement
 .text.Argus_Dev_StartAuxMeasurement
                0x080104c8      0x248 C:\Program Files (x86)\Broadcom\AFBR-S50 SDK\Device\Lib\AFBR-S50\libafbrs50_m4_fpu.a(argus_dev_seq.o)
                0x080104c8                Argus_Dev_StartAuxMeasurement
 .text.ApplyVoltageTemperatureCompensation.part.6
                0x08010710       0x90 C:\Program Files (x86)\Broadcom\AFBR-S50 SDK\Device\Lib\AFBR-S50\libafbrs50_m4_fpu.a(argus_cal_api.o)
 .text.EvaluateAPDVoltage
                0x080107a0      0x198 C:\Program Files (x86)\Broadcom\AFBR-S50 SDK\Device\Lib\AFBR-S50\libafbrs50_m4_fpu.a(argus_cal_api.o)
 .text.Argus_Cal_GetCalibration
                0x08010938       0x18 C:\Program Files (x86)\Broadcom\AFBR-S50 SDK\Device\Lib\AFBR-S50\libafbrs50_m4_fpu.a(argus_cal_api.o)
                0x08010938                Argus_Cal_GetCalibration
 .text.Argus_Cal_GetCalibrationPtr
                0x08010950        0x8 C:\Program Files (x86)\Broadcom\AFBR-S50 SDK\Device\Lib\AFBR-S50\libafbrs50_m4_fpu.a(argus_cal_api.o)
                0x08010950                Argus_Cal_GetCalibrationPtr
 .text.Argus_Cal_GetGainValues
                0x08010958      0xb88 C:\Program Files (x86)\Broadcom\AFBR-S50 SDK\Device\Lib\AFBR-S50\libafbrs50_m4_fpu.a(argus_cal_api.o)
                0x08010958                Argus_Cal_GetGainValues
 .text.Argus_Cal_PrepareCal
                0x080114e0     0x12f4 C:\Program Files (x86)\Broadcom\AFBR-S50 SDK\Device\Lib\AFBR-S50\libafbrs50_m4_fpu.a(argus_cal_api.o)
                0x080114e0                Argus_Cal_PrepareCal
 .text.Argus_Cal_Init
                0x080127d4       0x64 C:\Program Files (x86)\Broadcom\AFBR-S50 SDK\Device\Lib\AFBR-S50\libafbrs50_m4_fpu.a(argus_cal_api.o)
                0x080127d4                Argus_Cal_Init
 .text.Argus_Cal_Update
                0x08012838     0x1830 C:\Program Files (x86)\Broadcom\AFBR-S50 SDK\Device\Lib\AFBR-S50\libafbrs50_m4_fpu.a(argus_cal_api.o)
                0x08012838                Argus_Cal_Update
 .text.Argus_Cal_SetCalibrationSync
                0x08014068       0x58 C:\Program Files (x86)\Broadcom\AFBR-S50 SDK\Device\Lib\AFBR-S50\libafbrs50_m4_fpu.a(argus_cal_api.o)
                0x08014068                Argus_Cal_SetCalibrationSync
 .text.Argus_Cal_GetTemperature
                0x080140c0       0x10 C:\Program Files (x86)\Broadcom\AFBR-S50 SDK\Device\Lib\AFBR-S50\libafbrs50_m4_fpu.a(argus_cal_api.o)
                0x080140c0                Argus_Cal_GetTemperature
 .text.Argus_Cal_GetChargePumpVoltage
                0x080140d0       0x4c C:\Program Files (x86)\Broadcom\AFBR-S50 SDK\Device\Lib\AFBR-S50\libafbrs50_m4_fpu.a(argus_cal_api.o)
                0x080140d0                Argus_Cal_GetChargePumpVoltage
 .text.Argus_Cal_ApplyFrequencyTemperatureCompensation
                0x0801411c      0x154 C:\Program Files (x86)\Broadcom\AFBR-S50 SDK\Device\Lib\AFBR-S50\libafbrs50_m4_fpu.a(argus_cal_api.o)
                0x0801411c                Argus_Cal_ApplyFrequencyTemperatureCompensation
 .text.Argus_Cal_ApplyAuxCalibration
                0x08014270      0x1a0 C:\Program Files (x86)\Broadcom\AFBR-S50 SDK\Device\Lib\AFBR-S50\libafbrs50_m4_fpu.a(argus_cal_api.o)
                0x08014270                Argus_Cal_ApplyAuxCalibration
 .text.Argus_Cal_GetGlobalRangeOffset
                0x08014410      0x8b4 C:\Program Files (x86)\Broadcom\AFBR-S50 SDK\Device\Lib\AFBR-S50\libafbrs50_m4_fpu.a(argus_cal_api.o)
                0x08014410                Argus_Cal_GetGlobalRangeOffset
 .text.Argus_Cal_ApplyCalibration
                0x08014cc4      0x200 C:\Program Files (x86)\Broadcom\AFBR-S50 SDK\Device\Lib\AFBR-S50\libafbrs50_m4_fpu.a(argus_cal_api.o)
                0x08014cc4                Argus_Cal_ApplyCalibration
 .text.Argus_Cal_GetPhaseOffset
                0x08014ec4       0x18 C:\Program Files (x86)\Broadcom\AFBR-S50 SDK\Device\Lib\AFBR-S50\libafbrs50_m4_fpu.a(argus_cal_api.o)
                0x08014ec4                Argus_Cal_GetPhaseOffset
 .text.Argus_Cal_GetPhaseOffsetRefPx
                0x08014edc       0x18 C:\Program Files (x86)\Broadcom\AFBR-S50 SDK\Device\Lib\AFBR-S50\libafbrs50_m4_fpu.a(argus_cal_api.o)
                0x08014edc                Argus_Cal_GetPhaseOffsetRefPx
 .text.Argus_Cal_GetSCSlope
                0x08014ef4       0x20 C:\Program Files (x86)\Broadcom\AFBR-S50 SDK\Device\Lib\AFBR-S50\libafbrs50_m4_fpu.a(argus_cal_api.o)
                0x08014ef4                Argus_Cal_GetSCSlope
 .text.Argus_Cal_GetPixelDecompFactor
                0x08014f14       0x24 C:\Program Files (x86)\Broadcom\AFBR-S50 SDK\Device\Lib\AFBR-S50\libafbrs50_m4_fpu.a(argus_cal_api.o)
                0x08014f14                Argus_Cal_GetPixelDecompFactor
 .text.Argus_Cal_GetXtalkTable
                0x08014f38       0x10 C:\Program Files (x86)\Broadcom\AFBR-S50 SDK\Device\Lib\AFBR-S50\libafbrs50_m4_fpu.a(argus_cal_api.o)
                0x08014f38                Argus_Cal_GetXtalkTable
 .text.Argus_Cal_GetRefPxXtalk
                0x08014f48       0x14 C:\Program Files (x86)\Broadcom\AFBR-S50 SDK\Device\Lib\AFBR-S50\libafbrs50_m4_fpu.a(argus_cal_api.o)
                0x08014f48                Argus_Cal_GetRefPxXtalk
 .text.Argus_Cal_GetInternalPixelRangeOffsets
                0x08014f5c      0x14c C:\Program Files (x86)\Broadcom\AFBR-S50 SDK\Device\Lib\AFBR-S50\libafbrs50_m4_fpu.a(argus_cal_default.o)
                0x08014f5c                Argus_Cal_GetInternalPixelRangeOffsets
 .text.Argus_Cal_GetInternalXtalkVectorTable
                0x080150a8      0x3e4 C:\Program Files (x86)\Broadcom\AFBR-S50 SDK\Device\Lib\AFBR-S50\libafbrs50_m4_fpu.a(argus_cal_default.o)
                0x080150a8                Argus_Cal_GetInternalXtalkVectorTable
 .text.Argus_Cal_GetDefaultCalibration
                0x0801548c      0x294 C:\Program Files (x86)\Broadcom\AFBR-S50 SDK\Device\Lib\AFBR-S50\libafbrs50_m4_fpu.a(argus_cal_default.o)
                0x0801548c                Argus_Cal_GetDefaultCalibration
 .text.Argus_Cal_GetCurrentDefaultCalibration
                0x08015720       0x30 C:\Program Files (x86)\Broadcom\AFBR-S50 SDK\Device\Lib\AFBR-S50\libafbrs50_m4_fpu.a(argus_cal_default.o)
                0x08015720                Argus_Cal_GetCurrentDefaultCalibration
 .text.EEPROM_ReadChipId
                0x08015750       0x1c C:\Program Files (x86)\Broadcom\AFBR-S50 SDK\Device\Lib\AFBR-S50\libafbrs50_m4_fpu.a(argus_cal_eeprom.o)
                0x08015750                EEPROM_ReadChipId
 .text.EEPROM_ReadModule
                0x0801576c       0x40 C:\Program Files (x86)\Broadcom\AFBR-S50 SDK\Device\Lib\AFBR-S50\libafbrs50_m4_fpu.a(argus_cal_eeprom.o)
                0x0801576c                EEPROM_ReadModule
 .text.EEPROM_Decode
                0x080157ac      0x44c C:\Program Files (x86)\Broadcom\AFBR-S50 SDK\Device\Lib\AFBR-S50\libafbrs50_m4_fpu.a(argus_cal_eeprom.o)
                0x080157ac                EEPROM_Decode
 .text.Argus_Cal_WriteToNVM
                0x08015bf8      0x170 C:\Program Files (x86)\Broadcom\AFBR-S50 SDK\Device\Lib\AFBR-S50\libafbrs50_m4_fpu.a(argus_cal_nvm.o)
                0x08015bf8                Argus_Cal_WriteToNVM
 .text.Argus_Cal_AssembleData
                0x08015d68      0x144 C:\Program Files (x86)\Broadcom\AFBR-S50 SDK\Device\Lib\AFBR-S50\libafbrs50_m4_fpu.a(argus_cal_nvm.o)
                0x08015d68                Argus_Cal_AssembleData
 .text.GetStatusCallback
                0x08015eac        0x4 C:\Program Files (x86)\Broadcom\AFBR-S50 SDK\Device\Lib\AFBR-S50\libafbrs50_m4_fpu.a(argus_cal_seq.o)
 .text.RunSequence.part.6
                0x08015eb0      0x114 C:\Program Files (x86)\Broadcom\AFBR-S50 SDK\Device\Lib\AFBR-S50\libafbrs50_m4_fpu.a(argus_cal_seq.o)
 .text.VsubCal_Sequence
                0x08015fc4      0x390 C:\Program Files (x86)\Broadcom\AFBR-S50 SDK\Device\Lib\AFBR-S50\libafbrs50_m4_fpu.a(argus_cal_seq.o)
 .text.Argus_Cal_ExecuteVsubCalibrationSequence
                0x08016354       0x64 C:\Program Files (x86)\Broadcom\AFBR-S50 SDK\Device\Lib\AFBR-S50\libafbrs50_m4_fpu.a(argus_cal_seq.o)
                0x08016354                Argus_Cal_ExecuteVsubCalibrationSequence
 .text.ADS_SPI_Callback
                0x080163b8       0x68 C:\Program Files (x86)\Broadcom\AFBR-S50 SDK\Device\Lib\AFBR-S50\libafbrs50_m4_fpu.a(ads0032_api.o)
 .text.ADS_IRQ_Callback
                0x08016420       0x34 C:\Program Files (x86)\Broadcom\AFBR-S50 SDK\Device\Lib\AFBR-S50\libafbrs50_m4_fpu.a(ads0032_api.o)
 .text.ADS_Abort
                0x08016454       0x80 C:\Program Files (x86)\Broadcom\AFBR-S50 SDK\Device\Lib\AFBR-S50\libafbrs50_m4_fpu.a(ads0032_api.o)
                0x08016454                ADS_Abort
 .text.ADS_Init
                0x080164d4      0x5e4 C:\Program Files (x86)\Broadcom\AFBR-S50 SDK\Device\Lib\AFBR-S50\libafbrs50_m4_fpu.a(ads0032_api.o)
                0x080164d4                ADS_Init
 .text.ADS_GetStatus
                0x08016ab8       0x28 C:\Program Files (x86)\Broadcom\AFBR-S50 SDK\Device\Lib\AFBR-S50\libafbrs50_m4_fpu.a(ads0032_api.o)
                0x08016ab8                ADS_GetStatus
 .text.ADS_CheckTimeout
                0x08016ae0       0x5c C:\Program Files (x86)\Broadcom\AFBR-S50 SDK\Device\Lib\AFBR-S50\libafbrs50_m4_fpu.a(ads0032_api.o)
                0x08016ae0                ADS_CheckTimeout
 .text.ADS_AwaitIdle
                0x08016b3c       0x80 C:\Program Files (x86)\Broadcom\AFBR-S50 SDK\Device\Lib\AFBR-S50\libafbrs50_m4_fpu.a(ads0032_api.o)
                0x08016b3c                ADS_AwaitIdle
 .text.ADS_TransferWithStart
                0x08016bbc       0xf4 C:\Program Files (x86)\Broadcom\AFBR-S50 SDK\Device\Lib\AFBR-S50\libafbrs50_m4_fpu.a(ads0032_api.o)
                0x08016bbc                ADS_TransferWithStart
 .text.ADS_Transfer
                0x08016cb0       0xd4 C:\Program Files (x86)\Broadcom\AFBR-S50 SDK\Device\Lib\AFBR-S50\libafbrs50_m4_fpu.a(ads0032_api.o)
                0x08016cb0                ADS_Transfer
 .text.ADS_Start
                0x08016d84       0xd0 C:\Program Files (x86)\Broadcom\AFBR-S50 SDK\Device\Lib\AFBR-S50\libafbrs50_m4_fpu.a(ads0032_api.o)
                0x08016d84                ADS_Start
 .text.ADS_ReadData
                0x08016e54       0xec C:\Program Files (x86)\Broadcom\AFBR-S50 SDK\Device\Lib\AFBR-S50\libafbrs50_m4_fpu.a(ads0032_api.o)
                0x08016e54                ADS_ReadData
 .text.ADS_ReadEEPROM
                0x08016f40       0x94 C:\Program Files (x86)\Broadcom\AFBR-S50 SDK\Device\Lib\AFBR-S50\libafbrs50_m4_fpu.a(ads0032_api.o)
                0x08016f40                ADS_ReadEEPROM
 .text.hamming_decode
                0x08016fd4      0x1cc C:\Program Files (x86)\Broadcom\AFBR-S50 SDK\Device\Lib\AFBR-S50\libafbrs50_m4_fpu.a(hamming.o)
                0x08016fd4                hamming_decode
 .text.eeprom_place_command
                0x080171a0      0x15c C:\Program Files (x86)\Broadcom\AFBR-S50 SDK\Device\Lib\AFBR-S50\libafbrs50_m4_fpu.a(argus_eeprom.o)
 .text.eeprom_write_ce
                0x080172fc      0x194 C:\Program Files (x86)\Broadcom\AFBR-S50 SDK\Device\Lib\AFBR-S50\libafbrs50_m4_fpu.a(argus_eeprom.o)
 .text.EEPROM_Read
                0x08017490      0x180 C:\Program Files (x86)\Broadcom\AFBR-S50 SDK\Device\Lib\AFBR-S50\libafbrs50_m4_fpu.a(argus_eeprom.o)
                0x08017490                EEPROM_Read
 .text.NVM_Init
                0x08017610        0x8 C:\Program Files (x86)\Broadcom\AFBR-S50 SDK\Device\Lib\AFBR-S50\libafbrs50_m4_fpu.a(argus_nvm.o)
                0x08017610                NVM_Init
 .text.NVM_Write
                0x08017618        0x8 C:\Program Files (x86)\Broadcom\AFBR-S50 SDK\Device\Lib\AFBR-S50\libafbrs50_m4_fpu.a(argus_nvm.o)
                0x08017618                NVM_Write
 .text.NVM_Read
                0x08017620        0x8 C:\Program Files (x86)\Broadcom\AFBR-S50 SDK\Device\Lib\AFBR-S50\libafbrs50_m4_fpu.a(argus_nvm.o)
                0x08017620                NVM_Read
 .text.__assert_func
                0x08017628       0x3c c:/program files (x86)/atollic/truestudio for stm32 9.3.0/armtools/bin/../lib/gcc/arm-atollic-eabi/6.3.1/../../../../arm-atollic-eabi/lib/armv7e-m/fpu\libc_nano.a(lib_a-assert.o)
                0x08017628                __assert_func
 .text.__errno  0x08017664        0xc c:/program files (x86)/atollic/truestudio for stm32 9.3.0/armtools/bin/../lib/gcc/arm-atollic-eabi/6.3.1/../../../../arm-atollic-eabi/lib/armv7e-m/fpu\libc_nano.a(lib_a-errno.o)
                0x08017664                __errno
 .text.fprintf  0x08017670       0x24 c:/program files (x86)/atollic/truestudio for stm32 9.3.0/armtools/bin/../lib/gcc/arm-atollic-eabi/6.3.1/../../../../arm-atollic-eabi/lib/armv7e-m/fpu\libc_nano.a(lib_a-fprintf.o)
                0x08017670                fiprintf
                0x08017670                fprintf
 .text.__libc_init_array
                0x08017694       0x48 c:/program files (x86)/atollic/truestudio for stm32 9.3.0/armtools/bin/../lib/gcc/arm-atollic-eabi/6.3.1/../../../../arm-atollic-eabi/lib/armv7e-m/fpu\libc_nano.a(lib_a-init.o)
                0x08017694                __libc_init_array
 .text.malloc   0x080176dc       0x10 c:/program files (x86)/atollic/truestudio for stm32 9.3.0/armtools/bin/../lib/gcc/arm-atollic-eabi/6.3.1/../../../../arm-atollic-eabi/lib/armv7e-m/fpu\libc_nano.a(lib_a-malloc.o)
                0x080176dc                malloc
 .text.memcmp   0x080176ec       0x1e c:/program files (x86)/atollic/truestudio for stm32 9.3.0/armtools/bin/../lib/gcc/arm-atollic-eabi/6.3.1/../../../../arm-atollic-eabi/lib/armv7e-m/fpu\libc_nano.a(lib_a-memcmp.o)
                0x080176ec                memcmp
 .text.memcpy   0x0801770a       0x16 c:/program files (x86)/atollic/truestudio for stm32 9.3.0/armtools/bin/../lib/gcc/arm-atollic-eabi/6.3.1/../../../../arm-atollic-eabi/lib/armv7e-m/fpu\libc_nano.a(lib_a-memcpy-stub.o)
                0x0801770a                memcpy
 .text.memset   0x08017720       0x10 c:/program files (x86)/atollic/truestudio for stm32 9.3.0/armtools/bin/../lib/gcc/arm-atollic-eabi/6.3.1/../../../../arm-atollic-eabi/lib/armv7e-m/fpu\libc_nano.a(lib_a-memset.o)
                0x08017720                memset
 .text._free_r  0x08017730       0x9c c:/program files (x86)/atollic/truestudio for stm32 9.3.0/armtools/bin/../lib/gcc/arm-atollic-eabi/6.3.1/../../../../arm-atollic-eabi/lib/armv7e-m/fpu\libc_nano.a(lib_a-nano-freer.o)
                0x08017730                _free_r
 .text._malloc_r
                0x080177cc       0xbc c:/program files (x86)/atollic/truestudio for stm32 9.3.0/armtools/bin/../lib/gcc/arm-atollic-eabi/6.3.1/../../../../arm-atollic-eabi/lib/armv7e-m/fpu\libc_nano.a(lib_a-nano-mallocr.o)
                0x080177cc                _malloc_r
 .text.__sfputc_r
                0x08017888       0x30 c:/program files (x86)/atollic/truestudio for stm32 9.3.0/armtools/bin/../lib/gcc/arm-atollic-eabi/6.3.1/../../../../arm-atollic-eabi/lib/armv7e-m/fpu\libc_nano.a(lib_a-nano-vfprintf.o)
 .text.__sfputs_r
                0x080178b8       0x24 c:/program files (x86)/atollic/truestudio for stm32 9.3.0/armtools/bin/../lib/gcc/arm-atollic-eabi/6.3.1/../../../../arm-atollic-eabi/lib/armv7e-m/fpu\libc_nano.a(lib_a-nano-vfprintf.o)
                0x080178b8                __sfputs_r
 .text._vfprintf_r
                0x080178dc      0x22c c:/program files (x86)/atollic/truestudio for stm32 9.3.0/armtools/bin/../lib/gcc/arm-atollic-eabi/6.3.1/../../../../arm-atollic-eabi/lib/armv7e-m/fpu\libc_nano.a(lib_a-nano-vfprintf.o)
                0x080178dc                _vfprintf_r
                0x080178dc                _vfiprintf_r
 .text._printf_common
                0x08017b08       0xec c:/program files (x86)/atollic/truestudio for stm32 9.3.0/armtools/bin/../lib/gcc/arm-atollic-eabi/6.3.1/../../../../arm-atollic-eabi/lib/armv7e-m/fpu\libc_nano.a(lib_a-nano-vfprintf_i.o)
                0x08017b08                _printf_common
 .text._printf_i
                0x08017bf4      0x240 c:/program files (x86)/atollic/truestudio for stm32 9.3.0/armtools/bin/../lib/gcc/arm-atollic-eabi/6.3.1/../../../../arm-atollic-eabi/lib/armv7e-m/fpu\libc_nano.a(lib_a-nano-vfprintf_i.o)
                0x08017bf4                _printf_i
 .text._sbrk_r  0x08017e34       0x20 c:/program files (x86)/atollic/truestudio for stm32 9.3.0/armtools/bin/../lib/gcc/arm-atollic-eabi/6.3.1/../../../../arm-atollic-eabi/lib/armv7e-m/fpu\libc_nano.a(lib_a-sbrkr.o)
                0x08017e34                _sbrk_r
 .text._vsnprintf_r
                0x08017e54       0x58 c:/program files (x86)/atollic/truestudio for stm32 9.3.0/armtools/bin/../lib/gcc/arm-atollic-eabi/6.3.1/../../../../arm-atollic-eabi/lib/armv7e-m/fpu\libc_nano.a(lib_a-vsnprintf.o)
                0x08017e54                _vsniprintf_r
                0x08017e54                _vsnprintf_r
 .text.vsnprintf
                0x08017eac       0x1c c:/program files (x86)/atollic/truestudio for stm32 9.3.0/armtools/bin/../lib/gcc/arm-atollic-eabi/6.3.1/../../../../arm-atollic-eabi/lib/armv7e-m/fpu\libc_nano.a(lib_a-vsnprintf.o)
                0x08017eac                vsniprintf
                0x08017eac                vsnprintf
 .text.__swbuf_r
                0x08017ec8       0xa4 c:/program files (x86)/atollic/truestudio for stm32 9.3.0/armtools/bin/../lib/gcc/arm-atollic-eabi/6.3.1/../../../../arm-atollic-eabi/lib/armv7e-m/fpu\libc_nano.a(lib_a-wbuf.o)
                0x08017ec8                __swbuf_r
 .text.__swsetup_r
                0x08017f6c       0xdc c:/program files (x86)/atollic/truestudio for stm32 9.3.0/armtools/bin/../lib/gcc/arm-atollic-eabi/6.3.1/../../../../arm-atollic-eabi/lib/armv7e-m/fpu\libc_nano.a(lib_a-wsetup.o)
                0x08017f6c                __swsetup_r
 .text.abort    0x08018048        0xe c:/program files (x86)/atollic/truestudio for stm32 9.3.0/armtools/bin/../lib/gcc/arm-atollic-eabi/6.3.1/../../../../arm-atollic-eabi/lib/armv7e-m/fpu\libc_nano.a(lib_a-abort.o)
                0x08018048                abort
 *fill*         0x08018056        0x2 
 .text.__sflush_r
                0x08018058      0x110 c:/program files (x86)/atollic/truestudio for stm32 9.3.0/armtools/bin/../lib/gcc/arm-atollic-eabi/6.3.1/../../../../arm-atollic-eabi/lib/armv7e-m/fpu\libc_nano.a(lib_a-fflush.o)
                0x08018058                __sflush_r
 .text._fflush_r
                0x08018168       0x54 c:/program files (x86)/atollic/truestudio for stm32 9.3.0/armtools/bin/../lib/gcc/arm-atollic-eabi/6.3.1/../../../../arm-atollic-eabi/lib/armv7e-m/fpu\libc_nano.a(lib_a-fflush.o)
                0x08018168                _fflush_r
 .text._cleanup_r
                0x080181bc        0xc c:/program files (x86)/atollic/truestudio for stm32 9.3.0/armtools/bin/../lib/gcc/arm-atollic-eabi/6.3.1/../../../../arm-atollic-eabi/lib/armv7e-m/fpu\libc_nano.a(lib_a-findfp.o)
                0x080181bc                _cleanup_r
 .text.std.isra.0
                0x080181c8       0x48 c:/program files (x86)/atollic/truestudio for stm32 9.3.0/armtools/bin/../lib/gcc/arm-atollic-eabi/6.3.1/../../../../arm-atollic-eabi/lib/armv7e-m/fpu\libc_nano.a(lib_a-findfp.o)
 .text.__sfmoreglue
                0x08018210       0x2c c:/program files (x86)/atollic/truestudio for stm32 9.3.0/armtools/bin/../lib/gcc/arm-atollic-eabi/6.3.1/../../../../arm-atollic-eabi/lib/armv7e-m/fpu\libc_nano.a(lib_a-findfp.o)
                0x08018210                __sfmoreglue
 .text.__sinit  0x0801823c       0x60 c:/program files (x86)/atollic/truestudio for stm32 9.3.0/armtools/bin/../lib/gcc/arm-atollic-eabi/6.3.1/../../../../arm-atollic-eabi/lib/armv7e-m/fpu\libc_nano.a(lib_a-findfp.o)
                0x0801823c                __sinit
 .text.__sfp    0x0801829c       0x78 c:/program files (x86)/atollic/truestudio for stm32 9.3.0/armtools/bin/../lib/gcc/arm-atollic-eabi/6.3.1/../../../../arm-atollic-eabi/lib/armv7e-m/fpu\libc_nano.a(lib_a-findfp.o)
                0x0801829c                __sfp
 .text._fwalk_reent
                0x08018314       0x3c c:/program files (x86)/atollic/truestudio for stm32 9.3.0/armtools/bin/../lib/gcc/arm-atollic-eabi/6.3.1/../../../../arm-atollic-eabi/lib/armv7e-m/fpu\libc_nano.a(lib_a-fwalk.o)
                0x08018314                _fwalk_reent
 .text.__swhatbuf_r
                0x08018350       0x48 c:/program files (x86)/atollic/truestudio for stm32 9.3.0/armtools/bin/../lib/gcc/arm-atollic-eabi/6.3.1/../../../../arm-atollic-eabi/lib/armv7e-m/fpu\libc_nano.a(lib_a-makebuf.o)
                0x08018350                __swhatbuf_r
 .text.__smakebuf_r
                0x08018398       0x80 c:/program files (x86)/atollic/truestudio for stm32 9.3.0/armtools/bin/../lib/gcc/arm-atollic-eabi/6.3.1/../../../../arm-atollic-eabi/lib/armv7e-m/fpu\libc_nano.a(lib_a-makebuf.o)
                0x08018398                __smakebuf_r
 .text.memmove  0x08018418       0x34 c:/program files (x86)/atollic/truestudio for stm32 9.3.0/armtools/bin/../lib/gcc/arm-atollic-eabi/6.3.1/../../../../arm-atollic-eabi/lib/armv7e-m/fpu\libc_nano.a(lib_a-memmove.o)
                0x08018418                memmove
 .text.__malloc_lock
                0x0801844c        0x2 c:/program files (x86)/atollic/truestudio for stm32 9.3.0/armtools/bin/../lib/gcc/arm-atollic-eabi/6.3.1/../../../../arm-atollic-eabi/lib/armv7e-m/fpu\libc_nano.a(lib_a-mlock.o)
                0x0801844c                __malloc_lock
 .text.__malloc_unlock
                0x0801844e        0x2 c:/program files (x86)/atollic/truestudio for stm32 9.3.0/armtools/bin/../lib/gcc/arm-atollic-eabi/6.3.1/../../../../arm-atollic-eabi/lib/armv7e-m/fpu\libc_nano.a(lib_a-mlock.o)
                0x0801844e                __malloc_unlock
 .text._realloc_r
                0x08018450       0x4c c:/program files (x86)/atollic/truestudio for stm32 9.3.0/armtools/bin/../lib/gcc/arm-atollic-eabi/6.3.1/../../../../arm-atollic-eabi/lib/armv7e-m/fpu\libc_nano.a(lib_a-nano-reallocr.o)
                0x08018450                _realloc_r
 .text.__ssputs_r
                0x0801849c       0xb6 c:/program files (x86)/atollic/truestudio for stm32 9.3.0/armtools/bin/../lib/gcc/arm-atollic-eabi/6.3.1/../../../../arm-atollic-eabi/lib/armv7e-m/fpu\libc_nano.a(lib_a-nano-svfprintf.o)
                0x0801849c                __ssputs_r
 *fill*         0x08018552        0x2 
 .text._svfprintf_r
                0x08018554      0x1e8 c:/program files (x86)/atollic/truestudio for stm32 9.3.0/armtools/bin/../lib/gcc/arm-atollic-eabi/6.3.1/../../../../arm-atollic-eabi/lib/armv7e-m/fpu\libc_nano.a(lib_a-nano-svfprintf.o)
                0x08018554                _svfiprintf_r
                0x08018554                _svfprintf_r
 .text._raise_r
                0x0801873c       0x50 c:/program files (x86)/atollic/truestudio for stm32 9.3.0/armtools/bin/../lib/gcc/arm-atollic-eabi/6.3.1/../../../../arm-atollic-eabi/lib/armv7e-m/fpu\libc_nano.a(lib_a-signal.o)
                0x0801873c                _raise_r
 .text.raise    0x0801878c       0x10 c:/program files (x86)/atollic/truestudio for stm32 9.3.0/armtools/bin/../lib/gcc/arm-atollic-eabi/6.3.1/../../../../arm-atollic-eabi/lib/armv7e-m/fpu\libc_nano.a(lib_a-signal.o)
                0x0801878c                raise
 .text._kill_r  0x0801879c       0x24 c:/program files (x86)/atollic/truestudio for stm32 9.3.0/armtools/bin/../lib/gcc/arm-atollic-eabi/6.3.1/../../../../arm-atollic-eabi/lib/armv7e-m/fpu\libc_nano.a(lib_a-signalr.o)
                0x0801879c                _kill_r
 .text._getpid_r
                0x080187c0        0x4 c:/program files (x86)/atollic/truestudio for stm32 9.3.0/armtools/bin/../lib/gcc/arm-atollic-eabi/6.3.1/../../../../arm-atollic-eabi/lib/armv7e-m/fpu\libc_nano.a(lib_a-signalr.o)
                0x080187c0                _getpid_r
 .text.__sread  0x080187c4       0x22 c:/program files (x86)/atollic/truestudio for stm32 9.3.0/armtools/bin/../lib/gcc/arm-atollic-eabi/6.3.1/../../../../arm-atollic-eabi/lib/armv7e-m/fpu\libc_nano.a(lib_a-stdio.o)
                0x080187c4                __sread
 .text.__swrite
                0x080187e6       0x38 c:/program files (x86)/atollic/truestudio for stm32 9.3.0/armtools/bin/../lib/gcc/arm-atollic-eabi/6.3.1/../../../../arm-atollic-eabi/lib/armv7e-m/fpu\libc_nano.a(lib_a-stdio.o)
                0x080187e6                __swrite
 .text.__sseek  0x0801881e       0x24 c:/program files (x86)/atollic/truestudio for stm32 9.3.0/armtools/bin/../lib/gcc/arm-atollic-eabi/6.3.1/../../../../arm-atollic-eabi/lib/armv7e-m/fpu\libc_nano.a(lib_a-stdio.o)
                0x0801881e                __sseek
 .text.__sclose
                0x08018842        0x8 c:/program files (x86)/atollic/truestudio for stm32 9.3.0/armtools/bin/../lib/gcc/arm-atollic-eabi/6.3.1/../../../../arm-atollic-eabi/lib/armv7e-m/fpu\libc_nano.a(lib_a-stdio.o)
                0x08018842                __sclose
 *fill*         0x0801884a        0x2 
 .text._write_r
                0x0801884c       0x24 c:/program files (x86)/atollic/truestudio for stm32 9.3.0/armtools/bin/../lib/gcc/arm-atollic-eabi/6.3.1/../../../../arm-atollic-eabi/lib/armv7e-m/fpu\libc_nano.a(lib_a-writer.o)
                0x0801884c                _write_r
 .text._close_r
                0x08018870       0x20 c:/program files (x86)/atollic/truestudio for stm32 9.3.0/armtools/bin/../lib/gcc/arm-atollic-eabi/6.3.1/../../../../arm-atollic-eabi/lib/armv7e-m/fpu\libc_nano.a(lib_a-closer.o)
                0x08018870                _close_r
 .text._fstat_r
                0x08018890       0x24 c:/program files (x86)/atollic/truestudio for stm32 9.3.0/armtools/bin/../lib/gcc/arm-atollic-eabi/6.3.1/../../../../arm-atollic-eabi/lib/armv7e-m/fpu\libc_nano.a(lib_a-fstatr.o)
                0x08018890                _fstat_r
 .text._isatty_r
                0x080188b4       0x20 c:/program files (x86)/atollic/truestudio for stm32 9.3.0/armtools/bin/../lib/gcc/arm-atollic-eabi/6.3.1/../../../../arm-atollic-eabi/lib/armv7e-m/fpu\libc_nano.a(lib_a-isattyr.o)
                0x080188b4                _isatty_r
 .text._lseek_r
                0x080188d4       0x24 c:/program files (x86)/atollic/truestudio for stm32 9.3.0/armtools/bin/../lib/gcc/arm-atollic-eabi/6.3.1/../../../../arm-atollic-eabi/lib/armv7e-m/fpu\libc_nano.a(lib_a-lseekr.o)
                0x080188d4                _lseek_r
 .text._malloc_usable_size_r
                0x080188f8       0x12 c:/program files (x86)/atollic/truestudio for stm32 9.3.0/armtools/bin/../lib/gcc/arm-atollic-eabi/6.3.1/../../../../arm-atollic-eabi/lib/armv7e-m/fpu\libc_nano.a(lib_a-nano-msizer.o)
                0x080188f8                _malloc_usable_size_r
 *fill*         0x0801890a        0x2 
 .text._read_r  0x0801890c       0x24 c:/program files (x86)/atollic/truestudio for stm32 9.3.0/armtools/bin/../lib/gcc/arm-atollic-eabi/6.3.1/../../../../arm-atollic-eabi/lib/armv7e-m/fpu\libc_nano.a(lib_a-readr.o)
                0x0801890c                _read_r
 *(.glue_7)
 .glue_7        0x08018930        0x0 linker stubs
 *(.glue_7t)
 .glue_7t       0x08018930        0x0 linker stubs
 *(.eh_frame)
 .eh_frame      0x08018930        0x0 c:/program files (x86)/atollic/truestudio for stm32 9.3.0/armtools/bin/../lib/gcc/arm-atollic-eabi/6.3.1/armv7e-m/fpu/crtbegin.o
 *(.init)
 .init          0x08018930        0x4 c:/program files (x86)/atollic/truestudio for stm32 9.3.0/armtools/bin/../lib/gcc/arm-atollic-eabi/6.3.1/armv7e-m/fpu/crti.o
                0x08018930                _init
 .init          0x08018934        0x8 c:/program files (x86)/atollic/truestudio for stm32 9.3.0/armtools/bin/../lib/gcc/arm-atollic-eabi/6.3.1/armv7e-m/fpu/crtn.o
 *(.fini)
 .fini          0x0801893c        0x4 c:/program files (x86)/atollic/truestudio for stm32 9.3.0/armtools/bin/../lib/gcc/arm-atollic-eabi/6.3.1/armv7e-m/fpu/crti.o
                0x0801893c                _fini
 .fini          0x08018940        0x8 c:/program files (x86)/atollic/truestudio for stm32 9.3.0/armtools/bin/../lib/gcc/arm-atollic-eabi/6.3.1/armv7e-m/fpu/crtn.o
                0x08018948                . = ALIGN (0x4)
                0x08018948                _etext = .

.vfp11_veneer   0x08018948        0x0
 .vfp11_veneer  0x08018948        0x0 linker stubs

.v4_bx          0x08018948        0x0
 .v4_bx         0x08018948        0x0 linker stubs

.iplt           0x08018948        0x0
 .iplt          0x08018948        0x0 c:/program files (x86)/atollic/truestudio for stm32 9.3.0/armtools/bin/../lib/gcc/arm-atollic-eabi/6.3.1/armv7e-m/fpu/crtbegin.o

.rodata         0x08018948     0x43a4
                0x08018948                . = ALIGN (0x4)
 *(.rodata)
 .rodata        0x08018948       0x21 API\irq.o
 *fill*         0x08018969        0x3 
 .rodata        0x0801896c       0x27 API\timer.o
 *fill*         0x08018993        0x1 
 .rodata        0x08018994      0x169 App\example.o
 *fill*         0x08018afd        0x3 
 .rodata        0x08018b00        0xc C:\Program Files (x86)\Broadcom\AFBR-S50 SDK\Device\Lib\AFBR-S50\libafbrs50_m4_fpu.a(argus_dca_api.o)
 .rodata        0x08018b0c        0x3 C:\Program Files (x86)\Broadcom\AFBR-S50 SDK\Device\Lib\AFBR-S50\libafbrs50_m4_fpu.a(argus_dev_api.o)
 *(.rodata*)
 *fill*         0x08018b0f        0x1 
 .rodata.__func__.7959
                0x08018b10        0xb API\irq.o
 *fill*         0x08018b1b        0x1 
 .rodata.__func__.8540
                0x08018b1c        0xc API\timer.o
 .rodata.__func__.9024
                0x08018b28       0x1b App\example.o
 *fill*         0x08018b43        0x1 
 .rodata.AHBPrescTable
                0x08018b44       0x10 Core\Src\system_stm32f4xx.o
                0x08018b44                AHBPrescTable
 .rodata.APBPrescTable
                0x08018b54        0x8 Core\Src\system_stm32f4xx.o
                0x08018b54                APBPrescTable
 .rodata.flagBitshiftOffset.8064
                0x08018b5c        0x8 Drivers\STM32F4xx_HAL_Driver\Src\stm32f4xx_hal_dma.o
 .rodata.Argus_Init.str1.4
                0x08018b64      0x2e7 C:\Program Files (x86)\Broadcom\AFBR-S50 SDK\Device\Lib\AFBR-S50\libafbrs50_m4_fpu.a(argus_api.o)
 *fill*         0x08018e4b        0x1 
 .rodata.Argus_Reinit.str1.4
                0x08018e4c       0x95 C:\Program Files (x86)\Broadcom\AFBR-S50 SDK\Device\Lib\AFBR-S50\libafbrs50_m4_fpu.a(argus_api.o)
 *fill*         0x08018ee1        0x3 
 .rodata.MeasurementPrepare.str1.4
                0x08018ee4       0xbb C:\Program Files (x86)\Broadcom\AFBR-S50 SDK\Device\Lib\AFBR-S50\libafbrs50_m4_fpu.a(argus_meas_api.o)
 *fill*         0x08018f9f        0x1 
 .rodata.Argus_Eval_Init.str1.4
                0x08018fa0       0x56 C:\Program Files (x86)\Broadcom\AFBR-S50 SDK\Device\Lib\AFBR-S50\libafbrs50_m4_fpu.a(argus_eval_api.o)
 *fill*         0x08018ff6        0x2 
 .rodata.Argus_Pba_CheckCfg.str1.4
                0x08018ff8       0xc8 C:\Program Files (x86)\Broadcom\AFBR-S50 SDK\Device\Lib\AFBR-S50\libafbrs50_m4_fpu.a(argus_eval_pba_api.o)
 .rodata.ApplyInitCfg.str1.4
                0x080190c0       0x73 C:\Program Files (x86)\Broadcom\AFBR-S50 SDK\Device\Lib\AFBR-S50\libafbrs50_m4_fpu.a(argus_cfg_api.o)
 *fill*         0x08019133        0x1 
 .rodata.Argus_Cfg_SetConfiguration.str1.4
                0x08019134       0x89 C:\Program Files (x86)\Broadcom\AFBR-S50 SDK\Device\Lib\AFBR-S50\libafbrs50_m4_fpu.a(argus_cfg_api.o)
 *fill*         0x080191bd        0x3 
 .rodata.PrepareConfiguration.str1.4
                0x080191c0      0x21a C:\Program Files (x86)\Broadcom\AFBR-S50 SDK\Device\Lib\AFBR-S50\libafbrs50_m4_fpu.a(argus_cfg_api.o)
 *fill*         0x080193da        0x2 
 .rodata.Argus_Dca_CheckCfg.str1.4
                0x080193dc      0x6a2 C:\Program Files (x86)\Broadcom\AFBR-S50 SDK\Device\Lib\AFBR-S50\libafbrs50_m4_fpu.a(argus_dca_api.o)
 *fill*         0x08019a7e        0x2 
 .rodata.Argus_Dca_Evaluate.str1.4
                0x08019a80      0x182 C:\Program Files (x86)\Broadcom\AFBR-S50 SDK\Device\Lib\AFBR-S50\libafbrs50_m4_fpu.a(argus_dca_api.o)
 *fill*         0x08019c02        0x2 
 .rodata.Argus_Dca_UpdateCalibration.str1.4
                0x08019c04       0xc5 C:\Program Files (x86)\Broadcom\AFBR-S50 SDK\Device\Lib\AFBR-S50\libafbrs50_m4_fpu.a(argus_dca_api.o)
 *fill*         0x08019cc9        0x3 
 .rodata.ApplyClockFrequency.str1.4
                0x08019ccc       0x2a C:\Program Files (x86)\Broadcom\AFBR-S50 SDK\Device\Lib\AFBR-S50\libafbrs50_m4_fpu.a(argus_dev_api.o)
 *fill*         0x08019cf6        0x2 